C:\Users\User\Desktop\tank\tank\psa01\CMSIS/core_cm33.h:2378:22:__NVIC_EnableIRQ	16	static
C:\Users\User\Desktop\tank\tank\psa01\CMSIS/core_cm33.h:2575:22:__NVIC_SetPriority	16	static
C:\Users\User\Desktop\tank\tank\psa01\drivers/fsl_common_arm.h:570:24:EnableIRQ	24	static
C:\Users\User\Desktop\tank\tank\psa01\drivers/fsl_lpadc.h:892:20:LPADC_EnableInterrupts	16	static
C:\Users\User\Desktop\tank\tank\psa01\drivers/fsl_power.h:385:20:POWER_DisablePD	16	static
C:\Users\User\Desktop\tank\tank\psa01\drivers/fsl_ctimer.h:497:20:CTIMER_StartTimer	16	static
../board/peripherals.c:117:13:FLEXCOMM1_init	8	static
../board/peripherals.c:232:13:ADC0_init	8	static
../board/peripherals.c:305:13:CTIMER0_init	8	static
../board/peripherals.c:317:6:BOARD_InitPeripherals_cm33_core0	8	static
../board/peripherals.c:328:6:BOARD_InitBootPeripherals	8	static
