Archive member included to satisfy reference by file (symbol)

c:/nxp/mcuxpressoide_11.9.0_2144/ide/plugins/com.nxp.mcuxpresso.tools.win32_11.9.0.202307121226/tools/bin/../lib/gcc/arm-none-eabi/12.3.1/../../../../arm-none-eabi/lib/thumb/v8-m.main+fp/hard\libcr_nohost_nf.a(_cr__main.o)
                              ./startup/startup_lpc55s69_cm33_core0.o (__main)
c:/nxp/mcuxpressoide_11.9.0_2144/ide/plugins/com.nxp.mcuxpresso.tools.win32_11.9.0.202307121226/tools/bin/../lib/gcc/arm-none-eabi/12.3.1/../../../../arm-none-eabi/lib/thumb/v8-m.main+fp/hard\libcr_c.a(cosf.o)
                              ./source/oled.o (cosf)
c:/nxp/mcuxpressoide_11.9.0_2144/ide/plugins/com.nxp.mcuxpresso.tools.win32_11.9.0.202307121226/tools/bin/../lib/gcc/arm-none-eabi/12.3.1/../../../../arm-none-eabi/lib/thumb/v8-m.main+fp/hard\libcr_c.a(sinf.o)
                              ./source/oled.o (sinf)
c:/nxp/mcuxpressoide_11.9.0_2144/ide/plugins/com.nxp.mcuxpresso.tools.win32_11.9.0.202307121226/tools/bin/../lib/gcc/arm-none-eabi/12.3.1/../../../../arm-none-eabi/lib/thumb/v8-m.main+fp/hard\libcr_c.a(memcpy.o)
                              ./utilities/fsl_str.o (memcpy)
c:/nxp/mcuxpressoide_11.9.0_2144/ide/plugins/com.nxp.mcuxpresso.tools.win32_11.9.0.202307121226/tools/bin/../lib/gcc/arm-none-eabi/12.3.1/../../../../arm-none-eabi/lib/thumb/v8-m.main+fp/hard\libcr_c.a(memset.o)
                              ./utilities/fsl_debug_console.o (memset)
c:/nxp/mcuxpressoide_11.9.0_2144/ide/plugins/com.nxp.mcuxpresso.tools.win32_11.9.0.202307121226/tools/bin/../lib/gcc/arm-none-eabi/12.3.1/../../../../arm-none-eabi/lib/thumb/v8-m.main+fp/hard\libcr_c.a(alloc.o)
                              ./drivers/fsl_common.o (malloc)
c:/nxp/mcuxpressoide_11.9.0_2144/ide/plugins/com.nxp.mcuxpresso.tools.win32_11.9.0.202307121226/tools/bin/../lib/gcc/arm-none-eabi/12.3.1/../../../../arm-none-eabi/lib/thumb/v8-m.main+fp/hard\libcr_c.a(errno.o)
                              ./utilities/fsl_str.o (errno)
c:/nxp/mcuxpressoide_11.9.0_2144/ide/plugins/com.nxp.mcuxpresso.tools.win32_11.9.0.202307121226/tools/bin/../lib/gcc/arm-none-eabi/12.3.1/../../../../arm-none-eabi/lib/thumb/v8-m.main+fp/hard\libcr_c.a(fpprintf.o)
                              ./source/psa01.o (sprintf)
c:/nxp/mcuxpressoide_11.9.0_2144/ide/plugins/com.nxp.mcuxpresso.tools.win32_11.9.0.202307121226/tools/bin/../lib/gcc/arm-none-eabi/12.3.1/../../../../arm-none-eabi/lib/thumb/v8-m.main+fp/hard\libcr_c.a(initio.o)
                              c:/nxp/mcuxpressoide_11.9.0_2144/ide/plugins/com.nxp.mcuxpresso.tools.win32_11.9.0.202307121226/tools/bin/../lib/gcc/arm-none-eabi/12.3.1/../../../../arm-none-eabi/lib/thumb/v8-m.main+fp/hard\libcr_nohost_nf.a(_cr__main.o) (_initio)
c:/nxp/mcuxpressoide_11.9.0_2144/ide/plugins/com.nxp.mcuxpresso.tools.win32_11.9.0.202307121226/tools/bin/../lib/gcc/arm-none-eabi/12.3.1/../../../../arm-none-eabi/lib/thumb/v8-m.main+fp/hard\libcr_c.a(modf.o)
                              ./utilities/fsl_str.o (modf)
c:/nxp/mcuxpressoide_11.9.0_2144/ide/plugins/com.nxp.mcuxpresso.tools.win32_11.9.0.202307121226/tools/bin/../lib/gcc/arm-none-eabi/12.3.1/../../../../arm-none-eabi/lib/thumb/v8-m.main+fp/hard\libcr_c.a(pow.o)
                              ./utilities/fsl_str.o (pow)
c:/nxp/mcuxpressoide_11.9.0_2144/ide/plugins/com.nxp.mcuxpresso.tools.win32_11.9.0.202307121226/tools/bin/../lib/gcc/arm-none-eabi/12.3.1/../../../../arm-none-eabi/lib/thumb/v8-m.main+fp/hard\libcr_c.a(printf.o)
                              c:/nxp/mcuxpressoide_11.9.0_2144/ide/plugins/com.nxp.mcuxpresso.tools.win32_11.9.0.202307121226/tools/bin/../lib/gcc/arm-none-eabi/12.3.1/../../../../arm-none-eabi/lib/thumb/v8-m.main+fp/hard\libcr_c.a(fpprintf.o) (__vfprintf)
c:/nxp/mcuxpressoide_11.9.0_2144/ide/plugins/com.nxp.mcuxpresso.tools.win32_11.9.0.202307121226/tools/bin/../lib/gcc/arm-none-eabi/12.3.1/../../../../arm-none-eabi/lib/thumb/v8-m.main+fp/hard\libcr_c.a(scanf.o)
                              ./utilities/fsl_str.o (strtoul)
c:/nxp/mcuxpressoide_11.9.0_2144/ide/plugins/com.nxp.mcuxpresso.tools.win32_11.9.0.202307121226/tools/bin/../lib/gcc/arm-none-eabi/12.3.1/../../../../arm-none-eabi/lib/thumb/v8-m.main+fp/hard\libcr_c.a(setvbuf.o)
                              c:/nxp/mcuxpressoide_11.9.0_2144/ide/plugins/com.nxp.mcuxpresso.tools.win32_11.9.0.202307121226/tools/bin/../lib/gcc/arm-none-eabi/12.3.1/../../../../arm-none-eabi/lib/thumb/v8-m.main+fp/hard\libcr_c.a(initio.o) (setvbuf)
c:/nxp/mcuxpressoide_11.9.0_2144/ide/plugins/com.nxp.mcuxpresso.tools.win32_11.9.0.202307121226/tools/bin/../lib/gcc/arm-none-eabi/12.3.1/../../../../arm-none-eabi/lib/thumb/v8-m.main+fp/hard\libcr_c.a(stdlib.o)
                              ./source/oled.o (abs)
c:/nxp/mcuxpressoide_11.9.0_2144/ide/plugins/com.nxp.mcuxpresso.tools.win32_11.9.0.202307121226/tools/bin/../lib/gcc/arm-none-eabi/12.3.1/../../../../arm-none-eabi/lib/thumb/v8-m.main+fp/hard\libcr_c.a(strlen.o)
[...]
Memory Configuration

Name             Origin             Length             Attributes
PROGRAM_FLASH    0x00000000         0x0009d800         xr
SRAM             0x20000000         0x00040000         xrw
SRAMX            0x04000000         0x00008000         xrw
USB_RAM          0x40100000         0x00004000         xrw
SRAM4            0x20040000         0x00004000         xrw
*default*        0x00000000         0xffffffff

Linker script and memory map

LOAD ./utilities/fsl_assert.o
LOAD ./utilities/fsl_debug_console.o
LOAD ./utilities/fsl_str.o
LOAD ./startup/boot_multicore_slave.o
LOAD ./startup/startup_lpc55s69_cm33_core0.o
LOAD ./source/oled.o
LOAD ./source/psa01.o
LOAD ./source/semihost_hardfault.o
LOAD ./drivers/fsl_clock.o
LOAD ./drivers/fsl_common.o
LOAD ./drivers/fsl_common_arm.o
LOAD ./drivers/fsl_ctimer.o
LOAD ./drivers/fsl_flexcomm.o
LOAD ./drivers/fsl_gpio.o
LOAD ./drivers/fsl_i2c.o
LOAD ./drivers/fsl_lpadc.o
LOAD ./drivers/fsl_power.o
LOAD ./drivers/fsl_reset.o
LOAD ./drivers/fsl_usart.o
LOAD ./device/system_LPC55S69_cm33_core0.o
LOAD ./component/uart/fsl_adapter_usart.o
LOAD ./component/serial_manager/fsl_component_serial_manager.o
LOAD ./component/serial_manager/fsl_component_serial_port_uart.o
LOAD ./component/lists/fsl_component_generic_list.o
LOAD ./board/board.o
LOAD ./board/clock_config.o
LOAD ./board/peripherals.o
LOAD ./board/pin_mux.o
START GROUP
LOAD c:/nxp/mcuxpressoide_11.9.0_2144/ide/plugins/com.nxp.mcuxpresso.tools.win32_11.9.0.202307121226/tools/bin/../lib/gcc/arm-none-eabi/12.3.1/../../../../arm-none-eabi/lib/thumb/v8-m.main+fp/hard\libcr_nohost_nf.a
LOAD c:/nxp/mcuxpressoide_11.9.0_2144/ide/plugins/com.nxp.mcuxpresso.tools.win32_11.9.0.202307121226/tools/bin/../lib/gcc/arm-none-eabi/12.3.1/../../../../arm-none-eabi/lib/thumb/v8-m.main+fp/hard\libcr_c.a
LOAD c:/nxp/mcuxpressoide_11.9.0_2144/ide/plugins/com.nxp.mcuxpresso.tools.win32_11.9.0.202307121226/tools/bin/../lib/gcc/arm-none-eabi/12.3.1/thumb/v8-m.main+fp/hard\libcr_eabihelpers.a
LOAD c:/nxp/mcuxpressoide_11.9.0_2144/ide/plugins/com.nxp.mcuxpresso.tools.win32_11.9.0.202307121226/tools/bin/../lib/gcc/arm-none-eabi/12.3.1/thumb/v8-m.main+fp/hard\libgcc.a
END GROUP
                0x00000000                        __base_PROGRAM_FLASH = 0x0
                0x00000000                        __base_Flash = 0x0
                0x0009d800                        __top_PROGRAM_FLASH = 0x9d800
                0x0009d800                        __top_Flash = 0x9d800
                0x20000000                        __base_SRAM = 0x20000000
                0x20000000                        __base_RAM = 0x20000000
                0x20040000                        __top_SRAM = 0x20040000
                0x20040000                        __top_RAM = 0x20040000
                0x04000000                        __base_SRAMX = 0x4000000
                0x04000000                        __base_RAM2 = 0x4000000
                0x04008000                        __top_SRAMX = 0x4008000
                0x04008000                        __top_RAM2 = 0x4008000
                0x40100000                        __base_USB_RAM = 0x40100000
                0x40100000                        __base_RAM3 = 0x40100000
                0x40104000                        __top_USB_RAM = 0x40104000
                0x40104000                        __top_RAM3 = 0x40104000
                0x20040000                        __base_SRAM4 = 0x20040000
                0x20040000                        __base_RAM4 = 0x20040000
                0x20044000                        __top_SRAM4 = 0x20044000
                0x20044000                        __top_RAM4 = 0x20044000

.text           0x00000000     0x891c
 FILL mask 0xff
                0x00000000                        __vectors_start__ = ABSOLUTE (.)
 *(SORT_BY_ALIGNMENT(.isr_vector))
 .isr_vector    0x00000000      0x130 ./startup/startup_lpc55s69_cm33_core0.o
                0x00000000                g_pfnVectors
                0x00000000                __Vectors
                0x00000130                        . = ALIGN (0x4)
                0x00000130                        __section_table_start = .
                0x00000130                        __data_section_table = .
                0x00000130        0x4 LONG 0x891c LOADADDR (.data)
                0x00000134        0x4 LONG 0x20000000 ADDR (.data)
                0x00000138        0x4 LONG 0x3c SIZEOF (.data)
                0x0000013c        0x4 LONG 0x891c LOADADDR (.data_RAM2)
                0x00000140        0x4 LONG 0x4000000 ADDR (.data_RAM2)
                0x00000144        0x4 LONG 0x0 SIZEOF (.data_RAM2)
                0x00000148        0x4 LONG 0x891c LOADADDR (.data_RAM3)
                0x0000014c        0x4 LONG 0x40100000 ADDR (.data_RAM3)
                0x00000150        0x4 LONG 0x0 SIZEOF (.data_RAM3)
                0x00000154        0x4 LONG 0x891c LOADADDR (.data_RAM4)
                0x00000158        0x4 LONG 0x20040000 ADDR (.data_RAM4)
                0x0000015c        0x4 LONG 0x0 SIZEOF (.data_RAM4)
                0x00000160                        __data_section_table_end = .
                0x00000160                        __bss_section_table = .
                0x00000160        0x4 LONG 0x2000003c ADDR (.bss)
                0x00000164        0x4 LONG 0x56c SIZEOF (.bss)
                0x00000168        0x4 LONG 0x4000000 ADDR (.bss_RAM2)
                0x0000016c        0x4 LONG 0x0 SIZEOF (.bss_RAM2)
                0x00000170        0x4 LONG 0x40100000 ADDR (.bss_RAM3)
                0x00000174        0x4 LONG 0x0 SIZEOF (.bss_RAM3)
                0x00000178        0x4 LONG 0x20040000 ADDR (.bss_RAM4)
                0x0000017c        0x4 LONG 0x0 SIZEOF (.bss_RAM4)
                0x00000180                        __bss_section_table_end = .
                0x00000180                        __section_table_end = .
 *(SORT_BY_ALIGNMENT(.after_vectors*))
 .after_vectors.reset
                0x00000180       0x68 ./startup/startup_lpc55s69_cm33_core0.o
                0x00000180                ResetISR
 .after_vectors.init_data
                0x000001e8       0x1e ./startup/startup_lpc55s69_cm33_core0.o
                0x000001e8                data_init
 .after_vectors.init_bss
                0x00000206       0x12 ./startup/startup_lpc55s69_cm33_core0.o
                0x00000206                bss_init
 .after_vectors
                0x00000218       0x16 ./startup/startup_lpc55s69_cm33_core0.o
                0x00000218                NMI_Handler
                0x0000021c                MemManage_Handler
                0x0000021e                BusFault_Handler
                0x00000220                UsageFault_Handler
                0x00000222                SecureFault_Handler
                0x00000224                SVC_Handler
                0x00000226                DebugMon_Handler
                0x00000228                PendSV_Handler
                0x0000022a                SysTick_Handler
                0x0000022c                Reserved56_DriverIRQHandler
                0x0000022c                PIN_INT0_DriverIRQHandler
                0x0000022c                PIN_INT2_DriverIRQHandler
                0x0000022c                PIN_INT3_DriverIRQHandler
                0x0000022c                IntDefaultHandler
                0x0000022c                USB0_DriverIRQHandler
                0x0000022c                CASER_DriverIRQHandler
                0x0000022c                MRT0_DriverIRQHandler
                0x0000022c                UTICK0_DriverIRQHandler
                0x0000022c                Reserved41_DriverIRQHandler
                0x0000022c                PIN_INT4_DriverIRQHandler
                0x0000022c                PIN_INT5_DriverIRQHandler
                0x0000022c                SEC_GPIO_INT0_IRQ0_DriverIRQHandler
                0x0000022c                GINT1_DriverIRQHandler
                0x0000022c                PIN_INT7_DriverIRQHandler
                0x0000022c                Reserved55_DriverIRQHandler
                0x0000022c                SEC_VIO_DriverIRQHandler
                0x0000022c                USB0_NEEDCLK_DriverIRQHandler
                0x0000022c                Reserved42_DriverIRQHandler
                0x0000022c                PIN_INT6_DriverIRQHandler
                0x0000022c                PQ_DriverIRQHandler
                0x0000022c                MAILBOX_DriverIRQHandler
                0x0000022c                PIN_INT1_DriverIRQHandler
                0x0000022c                Reserved61_DriverIRQHandler
                0x0000022c                SEC_GPIO_INT0_IRQ1_DriverIRQHandler
                0x0000022c                PUF_DriverIRQHandler
                0x0000022c                RTC_DriverIRQHandler
                0x0000022c                DMA0_DriverIRQHandler
                0x0000022c                Reserved39_DriverIRQHandler
                0x0000022c                USB1_DriverIRQHandler
                0x0000022c                Reserved60_DriverIRQHandler
                0x0000022c                DMA1_DriverIRQHandler
                0x0000022c                ADC0_DriverIRQHandler
                0x0000022c                USB1_NEEDCLK_DriverIRQHandler
                0x0000022c                Reserved59_DriverIRQHandler
                0x0000022c                SDIO_DriverIRQHandler
                0x0000022c                GINT0_DriverIRQHandler
                0x0000022c                USB1_PHY_DriverIRQHandler
                0x0000022c                ACMP_DriverIRQHandler
                0x0000022c                Reserved57_DriverIRQHandler
                0x0000022c                HASHCRYPT_DriverIRQHandler
                0x0000022c                Reserved46_DriverIRQHandler
                0x0000022c                WDT_BOD_DriverIRQHandler
                0x0000022c                SCT0_DriverIRQHandler
                0x0000022c                PLU_DriverIRQHandler
                0x0000022c                OS_EVENT_DriverIRQHandler
                0x0000022c                SEC_HYPERVISOR_CALL_DriverIRQHandler
 *(SORT_BY_ALIGNMENT(.text*))
 *fill*         0x0000022e        0x2 ff
 .text.ConvertFloatRadixNumToString
                0x00000230      0x2c8 ./utilities/fsl_str.o
 .text.PowerControl
                0x000004f8      0x2fc ./source/psa01.o
                0x000004f8                PowerControl
 *fill*         0x000007f4        0x4 ff
 .text.fp_display
                0x000007f8      0x9e8 c:/nxp/mcuxpressoide_11.9.0_2144/ide/plugins/com.nxp.mcuxpresso.tools.win32_11.9.0.202307121226/tools/bin/../lib/gcc/arm-none-eabi/12.3.1/../../../../arm-none-eabi/lib/thumb/v8-m.main+fp/hard\libcr_c.a(fpprintf.o)
 .text.pow      0x000011e0      0x55c c:/nxp/mcuxpressoide_11.9.0_2144/ide/plugins/com.nxp.mcuxpresso.tools.win32_11.9.0.202307121226/tools/bin/../lib/gcc/arm-none-eabi/12.3.1/../../../../arm-none-eabi/lib/thumb/v8-m.main+fp/hard\libcr_c.a(pow.o)
                0x000011e0                pow
 *fill*         0x0000173c        0x4 ff
 .text._frexpl  0x00001740       0x70 c:/nxp/mcuxpressoide_11.9.0_2144/ide/plugins/com.nxp.mcuxpresso.tools.win32_11.9.0.202307121226/tools/bin/../lib/gcc/arm-none-eabi/12.3.1/../../../../arm-none-eabi/lib/thumb/v8-m.main+fp/hard\libcr_c.a(_frexpl.o)
                0x00001740                _frexpl
 .text._ldexpl  0x000017b0       0x5c c:/nxp/mcuxpressoide_11.9.0_2144/ide/plugins/com.nxp.mcuxpresso.tools.win32_11.9.0.202307121226/tools/bin/../lib/gcc/arm-none-eabi/12.3.1/../../../../arm-none-eabi/lib/thumb/v8-m.main+fp/hard\libcr_c.a(_ldexpl.o)
                0x000017b0                _ldexpl
 *fill*         0x0000180c        0x4 ff
 .text.frexp    0x00001810       0x70 c:/nxp/mcuxpressoide_11.9.0_2144/ide/plugins/com.nxp.mcuxpresso.tools.win32_11.9.0.202307121226/tools/bin/../lib/gcc/arm-none-eabi/12.3.1/../../../../arm-none-eabi/lib/thumb/v8-m.main+fp/hard\libcr_c.a(frexp.o)
                0x00001810                frexp
 .text.ldexp    0x00001880       0x5c c:/nxp/mcuxpressoide_11.9.0_2144/ide/plugins/com.nxp.mcuxpresso.tools.win32_11.9.0.202307121226/tools/bin/../lib/gcc/arm-none-eabi/12.3.1/../../../../arm-none-eabi/lib/thumb/v8-m.main+fp/hard\libcr_c.a(ldexp.o)
                0x00001880                ldexp
 .text.__assertion_failed
                0x000018dc       0x2c ./utilities/fsl_assert.o
                0x000018dc                __assertion_failed
 .text.DbgConsole_SendDataReliable
                0x00001908       0x54 ./utilities/fsl_debug_console.o
                0x00001908                DbgConsole_SendDataReliable
 .text.DbgConsole_Init
                0x0000195c      0x138 ./utilities/fsl_debug_console.o
                0x0000195c                DbgConsole_Init
 .text.DbgConsole_Vprintf
                0x00001a94       0x6c ./utilities/fsl_debug_console.o
                0x00001a94                DbgConsole_Vprintf
 .text.OLED_Write_Byte
                0x00001b00       0x64 ./source/oled.o
 .text.OLED_Init
                0x00001b64       0xf8 ./source/oled.o
                0x00001b64                OLED_Init
 .text.OLED_Refresh_Gram
                0x00001c5c       0x70 ./source/oled.o
                0x00001c5c                OLED_Refresh_Gram
 .text.OLED_Clear_Screen
                0x00001ccc       0x6c ./source/oled.o
                0x00001ccc                OLED_Clear_Screen
 .text.OLED_Draw_Point
                0x00001d38       0xa8 ./source/oled.o
                0x00001d38                OLED_Draw_Point
 .text.OLED_Puts
                0x00001de0       0xb0 ./source/oled.o
                0x00001de0                OLED_Puts
 .text.POWER_DisablePD
                0x00001e90       0x20 ./source/psa01.o
 .text.ADC0_IRQHandler
                0x00001eb0       0x3c ./source/psa01.o
                0x00001eb0                ADC0_IRQHandler
 .text.main     0x00001eec       0x54 ./source/psa01.o
                0x00001eec                main
 .text.POWER_EnablePD
                0x00001f40       0x20 ./drivers/fsl_clock.o
 .text.POWER_DisablePD
                0x00001f60       0x20 ./drivers/fsl_clock.o
 .text.CLOCK_AttachClk
                0x00001f80       0xa0 ./drivers/fsl_clock.o
                0x00001f80                CLOCK_AttachClk
 .text.CLOCK_SetClkDiv
                0x00002020       0x80 ./drivers/fsl_clock.o
                0x00002020                CLOCK_SetClkDiv
 .text.CLOCK_SetupFROClocking
                0x000020a0       0x80 ./drivers/fsl_clock.o
                0x000020a0                CLOCK_SetupFROClocking
 .text.CLOCK_SetFLASHAccessCyclesForFreq
                0x00002120      0x17c ./drivers/fsl_clock.o
                0x00002120                CLOCK_SetFLASHAccessCyclesForFreq
 .text.CLOCK_SetupExtClocking
                0x0000229c       0x64 ./drivers/fsl_clock.o
                0x0000229c                CLOCK_SetupExtClocking
 .text.CLOCK_GetFro1MFreq
                0x00002300       0x28 ./drivers/fsl_clock.o
                0x00002300                CLOCK_GetFro1MFreq
 .text.CLOCK_GetExtClkFreq
                0x00002328       0x2c ./drivers/fsl_clock.o
                0x00002328                CLOCK_GetExtClkFreq
 .text.CLOCK_GetOsc32KFreq
                0x00002354       0x58 ./drivers/fsl_clock.o
                0x00002354                CLOCK_GetOsc32KFreq
 .text.CLOCK_GetPLL0InClockRate
                0x000023ac       0x64 ./drivers/fsl_clock.o
                0x000023ac                CLOCK_GetPLL0InClockRate
 .text.CLOCK_SetPLL0Freq
                0x00002410      0x14c ./drivers/fsl_clock.o
                0x00002410                CLOCK_SetPLL0Freq
 .text.SDK_DelayAtLeastUs
                0x0000255c       0x8c ./drivers/fsl_common_arm.o
                0x0000255c                SDK_DelayAtLeastUs
 .text.__NVIC_EnableIRQ
                0x000025e8       0x3c ./drivers/fsl_ctimer.o
 .text.CTIMER_GetInstance
                0x00002624       0x54 ./drivers/fsl_ctimer.o
 .text.CTIMER_Init
                0x00002678       0x74 ./drivers/fsl_ctimer.o
                0x00002678                CTIMER_Init
 .text.CTIMER_SetupMatch
                0x000026ec      0x11c ./drivers/fsl_ctimer.o
                0x000026ec                CTIMER_SetupMatch
 .text.CTIMER_GenericIRQHandler
                0x00002808       0xb4 ./drivers/fsl_ctimer.o
 .text.FLEXCOMM_GetInstance
                0x000028bc       0x4c ./drivers/fsl_flexcomm.o
                0x000028bc                FLEXCOMM_GetInstance
 .text.FLEXCOMM_Init
                0x00002908       0x50 ./drivers/fsl_flexcomm.o
                0x00002908                FLEXCOMM_Init
 .text.FLEXCOMM0_DriverIRQHandler
                0x00002958       0x5c ./drivers/fsl_flexcomm.o
                0x00002958                FLEXCOMM0_DriverIRQHandler
 .text.FLEXCOMM1_DriverIRQHandler
                0x000029b4       0x5c ./drivers/fsl_flexcomm.o
                0x000029b4                FLEXCOMM1_DriverIRQHandler
 .text.FLEXCOMM2_DriverIRQHandler
                0x00002a10       0x5c ./drivers/fsl_flexcomm.o
                0x00002a10                FLEXCOMM2_DriverIRQHandler
 .text.FLEXCOMM3_DriverIRQHandler
                0x00002a6c       0x5c ./drivers/fsl_flexcomm.o
                0x00002a6c                FLEXCOMM3_DriverIRQHandler
 .text.FLEXCOMM4_DriverIRQHandler
                0x00002ac8       0x5c ./drivers/fsl_flexcomm.o
                0x00002ac8                FLEXCOMM4_DriverIRQHandler
 .text.FLEXCOMM5_DriverIRQHandler
                0x00002b24       0x5c ./drivers/fsl_flexcomm.o
                0x00002b24                FLEXCOMM5_DriverIRQHandler
 .text.FLEXCOMM6_DriverIRQHandler
                0x00002b80       0x5c ./drivers/fsl_flexcomm.o
                0x00002b80                FLEXCOMM6_DriverIRQHandler
 .text.FLEXCOMM7_DriverIRQHandler
                0x00002bdc       0x5c ./drivers/fsl_flexcomm.o
                0x00002bdc                FLEXCOMM7_DriverIRQHandler
 .text.FLEXCOMM8_DriverIRQHandler
                0x00002c38       0x5c ./drivers/fsl_flexcomm.o
                0x00002c38                FLEXCOMM8_DriverIRQHandler
 .text.GPIO_EnablePortClock
                0x00002c94       0x34 ./drivers/fsl_gpio.o
 .text.I2C_ClearStatusFlags
                0x00002cc8       0x2c ./drivers/fsl_i2c.o
 .text.I2C_MasterSetBaudRate
                0x00002cf4      0x13c ./drivers/fsl_i2c.o
                0x00002cf4                I2C_MasterSetBaudRate
 .text.I2C_MasterSetTimeoutValue
                0x00002e30       0x84 ./drivers/fsl_i2c.o
                0x00002e30                I2C_MasterSetTimeoutValue
 .text.I2C_PendingStatusWait
                0x00002eb4       0x74 ./drivers/fsl_i2c.o
 .text.I2C_MasterWriteBlocking
                0x00002f28       0xe4 ./drivers/fsl_i2c.o
                0x00002f28                I2C_MasterWriteBlocking
 .text.LPADC_GetInstance
                0x0000300c       0x44 ./drivers/fsl_lpadc.o
 .text.LPADC_GetGainConvResult
                0x00003050      0x134 ./drivers/fsl_lpadc.o
 .text.LPADC_Init
                0x00003184      0x15c ./drivers/fsl_lpadc.o
                0x00003184                LPADC_Init
 .text.LPADC_GetConvResult
                0x000032e0       0x70 ./drivers/fsl_lpadc.o
                0x000032e0                LPADC_GetConvResult
 .text.LPADC_SetConvTriggerConfig
                0x00003350       0x8c ./drivers/fsl_lpadc.o
                0x00003350                LPADC_SetConvTriggerConfig
 .text.LPADC_SetConvCommandConfig
                0x000033dc      0x140 ./drivers/fsl_lpadc.o
                0x000033dc                LPADC_SetConvCommandConfig
 .text.LPADC_PrepareAutoCalibration
                0x0000351c       0x44 ./drivers/fsl_lpadc.o
                0x0000351c                LPADC_PrepareAutoCalibration
 .text.lowpower_set_system_voltage
                0x00003560      0x154 ./drivers/fsl_power.o
 .text.lowpower_set_dcdc_power_profile
                0x000036b4       0xec ./drivers/fsl_power.o
 .text.lowpower_get_part_process_corner
                0x000037a0       0x94 ./drivers/fsl_power.o
 .text.POWER_SetVoltageForFreq
                0x00003834       0x50 ./drivers/fsl_power.o
                0x00003834                POWER_SetVoltageForFreq
 .text.RESET_SetPeripheralReset
                0x00003884       0x5c ./drivers/fsl_reset.o
                0x00003884                RESET_SetPeripheralReset
 .text.RESET_ClearPeripheralReset
                0x000038e0       0x60 ./drivers/fsl_reset.o
                0x000038e0                RESET_ClearPeripheralReset
 .text.USART_Init
                0x00003940      0x1cc ./drivers/fsl_usart.o
                0x00003940                USART_Init
 .text.USART_GetDefaultConfig
                0x00003b0c       0x80 ./drivers/fsl_usart.o
                0x00003b0c                USART_GetDefaultConfig
 .text.USART_SetBaudRate
                0x00003b8c      0x18c ./drivers/fsl_usart.o
                0x00003b8c                USART_SetBaudRate
 .text.USART_WriteBlocking
                0x00003d18       0x8c ./drivers/fsl_usart.o
                0x00003d18                USART_WriteBlocking
 .text.SystemInit
                0x00003da4       0x64 ./device/system_LPC55S69_cm33_core0.o
                0x00003da4                SystemInit
 .text.HAL_UartInitCommon
                0x00003e08      0x110 ./component/uart/fsl_adapter_usart.o
 .text.HAL_UartSendBlocking
                0x00003f18       0x64 ./component/uart/fsl_adapter_usart.o
                0x00003f18                HAL_UartSendBlocking
 .text.BOARD_InitDebugConsole
                0x00003f7c       0x38 ./board/board.o
                0x00003f7c                BOARD_InitDebugConsole
 .text.POWER_DisablePD
                0x00003fb4       0x20 ./board/clock_config.o
 .text.BOARD_BootClockPLL150M
                0x00003fd4      0x120 ./board/clock_config.o
                0x00003fd4                BOARD_BootClockPLL150M
 .text.__NVIC_EnableIRQ
                0x000040f4       0x3c ./board/peripherals.o
 .text.__NVIC_SetPriority
                0x00004130       0x54 ./board/peripherals.o
 .text.POWER_DisablePD
                0x00004184       0x20 ./board/peripherals.o
 .text.FLEXCOMM1_init
                0x000041a4       0x20 ./board/peripherals.o
 .text.ADC0_init
                0x000041c4       0x58 ./board/peripherals.o
 .text.CTIMER0_init
                0x0000421c       0x2c ./board/peripherals.o
 .text.BOARD_InitDEBUG_UARTPins
                0x00004248       0x3c ./board/pin_mux.o
                0x00004248                BOARD_InitDEBUG_UARTPins
 .text.BOARD_InitPMODPins
                0x00004284       0xa4 ./board/pin_mux.o
                0x00004284                BOARD_InitPMODPins
 .text.malloc   0x00004328       0xe8 c:/nxp/mcuxpressoide_11.9.0_2144/ide/plugins/com.nxp.mcuxpresso.tools.win32_11.9.0.202307121226/tools/bin/../lib/gcc/arm-none-eabi/12.3.1/../../../../arm-none-eabi/lib/thumb/v8-m.main+fp/hard\libcr_c.a(alloc.o)
                0x00004328                malloc
 .text._Csys_alloc
                0x00004410       0x20 c:/nxp/mcuxpressoide_11.9.0_2144/ide/plugins/com.nxp.mcuxpresso.tools.win32_11.9.0.202307121226/tools/bin/../lib/gcc/arm-none-eabi/12.3.1/../../../../arm-none-eabi/lib/thumb/v8-m.main+fp/hard\libcr_c.a(alloc.o)
                0x00004410                _Csys_alloc
 .text.sprintf  0x00004430       0x6c c:/nxp/mcuxpressoide_11.9.0_2144/ide/plugins/com.nxp.mcuxpresso.tools.win32_11.9.0.202307121226/tools/bin/../lib/gcc/arm-none-eabi/12.3.1/../../../../arm-none-eabi/lib/thumb/v8-m.main+fp/hard\libcr_c.a(fpprintf.o)
                0x00004430                sprintf
 .text._initio  0x0000449c       0x78 c:/nxp/mcuxpressoide_11.9.0_2144/ide/plugins/com.nxp.mcuxpresso.tools.win32_11.9.0.202307121226/tools/bin/../lib/gcc/arm-none-eabi/12.3.1/../../../../arm-none-eabi/lib/thumb/v8-m.main+fp/hard\libcr_c.a(initio.o)
                0x0000449c                _initio
 .text.modf     0x00004514       0x94 c:/nxp/mcuxpressoide_11.9.0_2144/ide/plugins/com.nxp.mcuxpresso.tools.win32_11.9.0.202307121226/tools/bin/../lib/gcc/arm-none-eabi/12.3.1/../../../../arm-none-eabi/lib/thumb/v8-m.main+fp/hard\libcr_c.a(modf.o)
                0x00004514                modf
 .text.__vfprintf
                0x000045a8      0xb78 c:/nxp/mcuxpressoide_11.9.0_2144/ide/plugins/com.nxp.mcuxpresso.tools.win32_11.9.0.202307121226/tools/bin/../lib/gcc/arm-none-eabi/12.3.1/../../../../arm-none-eabi/lib/thumb/v8-m.main+fp/hard\libcr_c.a(printf.o)
                0x000045a8                __vfprintf
 .text._sbrk    0x00005120       0x3c c:/nxp/mcuxpressoide_11.9.0_2144/ide/plugins/com.nxp.mcuxpresso.tools.win32_11.9.0.202307121226/tools/bin/../lib/gcc/arm-none-eabi/12.3.1/../../../../arm-none-eabi/lib/thumb/v8-m.main+fp/hard\libcr_c.a(_cr_sbrk.o)
                0x00005120                _sbrk
 .text._Cwritebuf
                0x0000515c       0x6c c:/nxp/mcuxpressoide_11.9.0_2144/ide/plugins/com.nxp.mcuxpresso.tools.win32_11.9.0.202307121226/tools/bin/../lib/gcc/arm-none-eabi/12.3.1/../../../../arm-none-eabi/lib/thumb/v8-m.main+fp/hard\libcr_c.a(_writebuf.o)
                0x0000515c                _Cwritebuf
 .text.fflush   0x000051c8       0x3c c:/nxp/mcuxpressoide_11.9.0_2144/ide/plugins/com.nxp.mcuxpresso.tools.win32_11.9.0.202307121226/tools/bin/../lib/gcc/arm-none-eabi/12.3.1/../../../../arm-none-eabi/lib/thumb/v8-m.main+fp/hard\libcr_c.a(fflush.o)
                0x000051c8                fflush
 .text.fseek    0x00005204       0xf8 c:/nxp/mcuxpressoide_11.9.0_2144/ide/plugins/com.nxp.mcuxpresso.tools.win32_11.9.0.202307121226/tools/bin/../lib/gcc/arm-none-eabi/12.3.1/../../../../arm-none-eabi/lib/thumb/v8-m.main+fp/hard\libcr_c.a(fseek.o)
                0x00005204                fseek
 .text.ftell    0x000052fc       0x44 c:/nxp/mcuxpressoide_11.9.0_2144/ide/plugins/com.nxp.mcuxpresso.tools.win32_11.9.0.202307121226/tools/bin/../lib/gcc/arm-none-eabi/12.3.1/../../../../arm-none-eabi/lib/thumb/v8-m.main+fp/hard\libcr_c.a(ftell.o)
                0x000052fc                ftell
 .text.__check_heap_overflow
                0x00005340       0x18 c:/nxp/mcuxpressoide_11.9.0_2144/ide/plugins/com.nxp.mcuxpresso.tools.win32_11.9.0.202307121226/tools/bin/../lib/gcc/arm-none-eabi/12.3.1/../../../../arm-none-eabi/lib/thumb/v8-m.main+fp/hard\libcr_c.a(_cr_check_heap.o)
                0x00005340                __check_heap_overflow
 .text.__aeabi_dmul
                0x00005358       0xfc c:/nxp/mcuxpressoide_11.9.0_2144/ide/plugins/com.nxp.mcuxpresso.tools.win32_11.9.0.202307121226/tools/bin/../lib/gcc/arm-none-eabi/12.3.1/thumb/v8-m.main+fp/hard\libcr_eabihelpers.a(double.o)
                0x00005358                __aeabi_dmul
 .text.__aeabi_ddiv
                0x00005454      0x130 c:/nxp/mcuxpressoide_11.9.0_2144/ide/plugins/com.nxp.mcuxpresso.tools.win32_11.9.0.202307121226/tools/bin/../lib/gcc/arm-none-eabi/12.3.1/thumb/v8-m.main+fp/hard\libcr_eabihelpers.a(double.o)
                0x00005454                __aeabi_ddiv
 .text.__aeabi_dsub
                0x00005584      0x1b4 c:/nxp/mcuxpressoide_11.9.0_2144/ide/plugins/com.nxp.mcuxpresso.tools.win32_11.9.0.202307121226/tools/bin/../lib/gcc/arm-none-eabi/12.3.1/thumb/v8-m.main+fp/hard\libcr_eabihelpers.a(double.o)
                0x00005584                __aeabi_dsub
 .text.__aeabi_dadd
                0x00005738      0x13c c:/nxp/mcuxpressoide_11.9.0_2144/ide/plugins/com.nxp.mcuxpresso.tools.win32_11.9.0.202307121226/tools/bin/../lib/gcc/arm-none-eabi/12.3.1/thumb/v8-m.main+fp/hard\libcr_eabihelpers.a(double.o)
                0x00005738                __aeabi_dadd
 .text.__aeabi_d2f
                0x00005874       0x58 c:/nxp/mcuxpressoide_11.9.0_2144/ide/plugins/com.nxp.mcuxpresso.tools.win32_11.9.0.202307121226/tools/bin/../lib/gcc/arm-none-eabi/12.3.1/thumb/v8-m.main+fp/hard\libcr_eabihelpers.a(double.o)
                0x00005874                __aeabi_d2f
 .text.__aeabi_f2d
                0x000058cc       0x38 c:/nxp/mcuxpressoide_11.9.0_2144/ide/plugins/com.nxp.mcuxpresso.tools.win32_11.9.0.202307121226/tools/bin/../lib/gcc/arm-none-eabi/12.3.1/thumb/v8-m.main+fp/hard\libcr_eabihelpers.a(float.o)
                0x000058cc                __aeabi_f2d
 .text.fsl_assert_hook
                0x00005904       0x1a ./utilities/fsl_assert.o
                0x00005904                fsl_assert_hook
 .text.DbgConsole_PrintCallback
                0x0000591e       0x66 ./utilities/fsl_debug_console.o
 .text.DbgConsole_Printf
                0x00005984       0x2c ./utilities/fsl_debug_console.o
                0x00005984                DbgConsole_Printf
 .text.PrintGetWidth
                0x000059b0       0x6a ./utilities/fsl_str.o
 .text.PrintGetPrecision
                0x00005a1a       0x8c ./utilities/fsl_str.o
 .text.PrintIsobpu
                0x00005aa6       0x38 ./utilities/fsl_str.o
 .text.PrintIsdi
                0x00005ade       0x2c ./utilities/fsl_str.o
 .text.PrintOutputdifFobpu
                0x00005b0a       0x44 ./utilities/fsl_str.o
 .text.PrintOutputxX
                0x00005b4e       0x44 ./utilities/fsl_str.o
 .text.PrintIsfF
                0x00005b92       0x2c ./utilities/fsl_str.o
 .text.PrintIsxX
                0x00005bbe       0x2c ./utilities/fsl_str.o
 .text.PrintFilterLengthFlag
                0x00005bea       0x3e ./utilities/fsl_str.o
 .text.PrintGetRadixFromobpu
                0x00005c28       0x40 ./utilities/fsl_str.o
 .text.ConvertRadixNumToString
                0x00005c68       0xc2 ./utilities/fsl_str.o
 .text.StrFormatExaminedi
                0x00005d2a       0x26 ./utilities/fsl_str.o
 .text.StrFormatExaminexX
                0x00005d50       0x26 ./utilities/fsl_str.o
 .text.StrFormatExamineobpu
                0x00005d76       0x26 ./utilities/fsl_str.o
 .text.ConvertPrecisionWidthToLength
                0x00005d9c       0x20 ./utilities/fsl_str.o
 .text.StrFormatPrintf
                0x00005dbc      0x300 ./utilities/fsl_str.o
                0x00005dbc                StrFormatPrintf
 .text.WDT_BOD_IRQHandler
                0x000060bc        0x8 ./startup/startup_lpc55s69_cm33_core0.o
                0x000060bc                WDT_BOD_IRQHandler
 .text.DMA0_IRQHandler
                0x000060c4        0x8 ./startup/startup_lpc55s69_cm33_core0.o
                0x000060c4                DMA0_IRQHandler
 .text.GINT0_IRQHandler
                0x000060cc        0x8 ./startup/startup_lpc55s69_cm33_core0.o
                0x000060cc                GINT0_IRQHandler
 .text.GINT1_IRQHandler
                0x000060d4        0x8 ./startup/startup_lpc55s69_cm33_core0.o
                0x000060d4                GINT1_IRQHandler
 .text.PIN_INT0_IRQHandler
                0x000060dc        0x8 ./startup/startup_lpc55s69_cm33_core0.o
                0x000060dc                PIN_INT0_IRQHandler
 .text.PIN_INT1_IRQHandler
                0x000060e4        0x8 ./startup/startup_lpc55s69_cm33_core0.o
                0x000060e4                PIN_INT1_IRQHandler
 .text.PIN_INT2_IRQHandler
                0x000060ec        0x8 ./startup/startup_lpc55s69_cm33_core0.o
                0x000060ec                PIN_INT2_IRQHandler
 .text.PIN_INT3_IRQHandler
                0x000060f4        0x8 ./startup/startup_lpc55s69_cm33_core0.o
                0x000060f4                PIN_INT3_IRQHandler
 .text.UTICK0_IRQHandler
                0x000060fc        0x8 ./startup/startup_lpc55s69_cm33_core0.o
                0x000060fc                UTICK0_IRQHandler
 .text.MRT0_IRQHandler
                0x00006104        0x8 ./startup/startup_lpc55s69_cm33_core0.o
                0x00006104                MRT0_IRQHandler
 .text.CTIMER0_IRQHandler
                0x0000610c        0x8 ./startup/startup_lpc55s69_cm33_core0.o
                0x0000610c                CTIMER0_IRQHandler
 .text.CTIMER1_IRQHandler
                0x00006114        0x8 ./startup/startup_lpc55s69_cm33_core0.o
                0x00006114                CTIMER1_IRQHandler
 .text.SCT0_IRQHandler
                0x0000611c        0x8 ./startup/startup_lpc55s69_cm33_core0.o
                0x0000611c                SCT0_IRQHandler
 .text.CTIMER3_IRQHandler
                0x00006124        0x8 ./startup/startup_lpc55s69_cm33_core0.o
                0x00006124                CTIMER3_IRQHandler
 .text.FLEXCOMM0_IRQHandler
                0x0000612c        0x8 ./startup/startup_lpc55s69_cm33_core0.o
                0x0000612c                FLEXCOMM0_IRQHandler
 .text.FLEXCOMM1_IRQHandler
                0x00006134        0x8 ./startup/startup_lpc55s69_cm33_core0.o
                0x00006134                FLEXCOMM1_IRQHandler
 .text.FLEXCOMM2_IRQHandler
                0x0000613c        0x8 ./startup/startup_lpc55s69_cm33_core0.o
                0x0000613c                FLEXCOMM2_IRQHandler
 .text.FLEXCOMM3_IRQHandler
                0x00006144        0x8 ./startup/startup_lpc55s69_cm33_core0.o
                0x00006144                FLEXCOMM3_IRQHandler
 .text.FLEXCOMM4_IRQHandler
                0x0000614c        0x8 ./startup/startup_lpc55s69_cm33_core0.o
                0x0000614c                FLEXCOMM4_IRQHandler
 .text.FLEXCOMM5_IRQHandler
                0x00006154        0x8 ./startup/startup_lpc55s69_cm33_core0.o
                0x00006154                FLEXCOMM5_IRQHandler
 .text.FLEXCOMM6_IRQHandler
                0x0000615c        0x8 ./startup/startup_lpc55s69_cm33_core0.o
                0x0000615c                FLEXCOMM6_IRQHandler
 .text.FLEXCOMM7_IRQHandler
                0x00006164        0x8 ./startup/startup_lpc55s69_cm33_core0.o
                0x00006164                FLEXCOMM7_IRQHandler
 .text.Reserved39_IRQHandler
                0x0000616c        0x8 ./startup/startup_lpc55s69_cm33_core0.o
                0x0000616c                Reserved39_IRQHandler
 .text.ACMP_IRQHandler
                0x00006174        0x8 ./startup/startup_lpc55s69_cm33_core0.o
                0x00006174                ACMP_IRQHandler
 .text.Reserved41_IRQHandler
                0x0000617c        0x8 ./startup/startup_lpc55s69_cm33_core0.o
                0x0000617c                Reserved41_IRQHandler
 .text.Reserved42_IRQHandler
                0x00006184        0x8 ./startup/startup_lpc55s69_cm33_core0.o
                0x00006184                Reserved42_IRQHandler
 .text.USB0_NEEDCLK_IRQHandler
                0x0000618c        0x8 ./startup/startup_lpc55s69_cm33_core0.o
                0x0000618c                USB0_NEEDCLK_IRQHandler
 .text.USB0_IRQHandler
                0x00006194        0x8 ./startup/startup_lpc55s69_cm33_core0.o
                0x00006194                USB0_IRQHandler
 .text.RTC_IRQHandler
                0x0000619c        0x8 ./startup/startup_lpc55s69_cm33_core0.o
                0x0000619c                RTC_IRQHandler
 .text.Reserved46_IRQHandler
                0x000061a4        0x8 ./startup/startup_lpc55s69_cm33_core0.o
                0x000061a4                Reserved46_IRQHandler
 .text.MAILBOX_IRQHandler
                0x000061ac        0x8 ./startup/startup_lpc55s69_cm33_core0.o
                0x000061ac                MAILBOX_IRQHandler
 .text.PIN_INT4_IRQHandler
                0x000061b4        0x8 ./startup/startup_lpc55s69_cm33_core0.o
                0x000061b4                PIN_INT4_IRQHandler
 .text.PIN_INT5_IRQHandler
                0x000061bc        0x8 ./startup/startup_lpc55s69_cm33_core0.o
                0x000061bc                PIN_INT5_IRQHandler
 .text.PIN_INT6_IRQHandler
                0x000061c4        0x8 ./startup/startup_lpc55s69_cm33_core0.o
                0x000061c4                PIN_INT6_IRQHandler
 .text.PIN_INT7_IRQHandler
                0x000061cc        0x8 ./startup/startup_lpc55s69_cm33_core0.o
                0x000061cc                PIN_INT7_IRQHandler
 .text.CTIMER2_IRQHandler
                0x000061d4        0x8 ./startup/startup_lpc55s69_cm33_core0.o
                0x000061d4                CTIMER2_IRQHandler
 .text.CTIMER4_IRQHandler
                0x000061dc        0x8 ./startup/startup_lpc55s69_cm33_core0.o
                0x000061dc                CTIMER4_IRQHandler
 .text.OS_EVENT_IRQHandler
                0x000061e4        0x8 ./startup/startup_lpc55s69_cm33_core0.o
                0x000061e4                OS_EVENT_IRQHandler
 .text.Reserved55_IRQHandler
                0x000061ec        0x8 ./startup/startup_lpc55s69_cm33_core0.o
                0x000061ec                Reserved55_IRQHandler
 .text.Reserved56_IRQHandler
                0x000061f4        0x8 ./startup/startup_lpc55s69_cm33_core0.o
                0x000061f4                Reserved56_IRQHandler
 .text.Reserved57_IRQHandler
                0x000061fc        0x8 ./startup/startup_lpc55s69_cm33_core0.o
                0x000061fc                Reserved57_IRQHandler
 .text.SDIO_IRQHandler
                0x00006204        0x8 ./startup/startup_lpc55s69_cm33_core0.o
                0x00006204                SDIO_IRQHandler
 .text.Reserved59_IRQHandler
                0x0000620c        0x8 ./startup/startup_lpc55s69_cm33_core0.o
                0x0000620c                Reserved59_IRQHandler
 .text.Reserved60_IRQHandler
                0x00006214        0x8 ./startup/startup_lpc55s69_cm33_core0.o
                0x00006214                Reserved60_IRQHandler
 .text.Reserved61_IRQHandler
                0x0000621c        0x8 ./startup/startup_lpc55s69_cm33_core0.o
                0x0000621c                Reserved61_IRQHandler
 .text.USB1_PHY_IRQHandler
                0x00006224        0x8 ./startup/startup_lpc55s69_cm33_core0.o
                0x00006224                USB1_PHY_IRQHandler
 .text.USB1_IRQHandler
                0x0000622c        0x8 ./startup/startup_lpc55s69_cm33_core0.o
                0x0000622c                USB1_IRQHandler
 .text.USB1_NEEDCLK_IRQHandler
                0x00006234        0x8 ./startup/startup_lpc55s69_cm33_core0.o
                0x00006234                USB1_NEEDCLK_IRQHandler
 .text.SEC_HYPERVISOR_CALL_IRQHandler
                0x0000623c        0x8 ./startup/startup_lpc55s69_cm33_core0.o
                0x0000623c                SEC_HYPERVISOR_CALL_IRQHandler
 .text.SEC_GPIO_INT0_IRQ0_IRQHandler
                0x00006244        0x8 ./startup/startup_lpc55s69_cm33_core0.o
                0x00006244                SEC_GPIO_INT0_IRQ0_IRQHandler
 .text.SEC_GPIO_INT0_IRQ1_IRQHandler
                0x0000624c        0x8 ./startup/startup_lpc55s69_cm33_core0.o
                0x0000624c                SEC_GPIO_INT0_IRQ1_IRQHandler
 .text.PLU_IRQHandler
                0x00006254        0x8 ./startup/startup_lpc55s69_cm33_core0.o
                0x00006254                PLU_IRQHandler
 .text.SEC_VIO_IRQHandler
                0x0000625c        0x8 ./startup/startup_lpc55s69_cm33_core0.o
                0x0000625c                SEC_VIO_IRQHandler
 .text.HASHCRYPT_IRQHandler
                0x00006264        0x8 ./startup/startup_lpc55s69_cm33_core0.o
                0x00006264                HASHCRYPT_IRQHandler
 .text.CASER_IRQHandler
                0x0000626c        0x8 ./startup/startup_lpc55s69_cm33_core0.o
                0x0000626c                CASER_IRQHandler
 .text.PUF_IRQHandler
                0x00006274        0x8 ./startup/startup_lpc55s69_cm33_core0.o
                0x00006274                PUF_IRQHandler
 .text.PQ_IRQHandler
                0x0000627c        0x8 ./startup/startup_lpc55s69_cm33_core0.o
                0x0000627c                PQ_IRQHandler
 .text.DMA1_IRQHandler
                0x00006284        0x8 ./startup/startup_lpc55s69_cm33_core0.o
                0x00006284                DMA1_IRQHandler
 .text.FLEXCOMM8_IRQHandler
                0x0000628c        0x8 ./startup/startup_lpc55s69_cm33_core0.o
                0x0000628c                FLEXCOMM8_IRQHandler
 .text.OLED_Display_On
                0x00006294       0x20 ./source/oled.o
                0x00006294                OLED_Display_On
 .text.OLED_Draw_Line
                0x000062b4      0x18c ./source/oled.o
                0x000062b4                OLED_Draw_Line
 .text.OLED_Progressbar_Frame
                0x00006440       0x86 ./source/oled.o
                0x00006440                OLED_Progressbar_Frame
 .text.OLED_Progressbar_Value
                0x000064c6      0x112 ./source/oled.o
                0x000064c6                OLED_Progressbar_Value
 .text.myAbs    0x000065d8       0x34 ./source/psa01.o
                0x000065d8                myAbs
 .text.HardFault_Handler
                0x0000660c       0x36 ./source/semihost_hardfault.o
                0x0000660c                HardFault_Handler
 .text.CLOCK_IsPLL0Locked
                0x00006642       0x24 ./drivers/fsl_clock.o
 .text.findPll0PreDiv
                0x00006666       0x3e ./drivers/fsl_clock.o
 .text.DelayLoop
                0x000066a4       0x20 ./drivers/fsl_common_arm.o
 .text.CLOCK_EnableClock
                0x000066c4       0x30 ./drivers/fsl_ctimer.o
 .text.EnableIRQ
                0x000066f4       0x32 ./drivers/fsl_ctimer.o
 .text.CTIMER_GetStatusFlags
                0x00006726       0x18 ./drivers/fsl_ctimer.o
 .text.CTIMER_ClearStatusFlags
                0x0000673e       0x1c ./drivers/fsl_ctimer.o
 .text.CTIMER0_DriverIRQHandler
                0x0000675a        0xe ./drivers/fsl_ctimer.o
                0x0000675a                CTIMER0_DriverIRQHandler
 .text.CTIMER1_DriverIRQHandler
                0x00006768        0xe ./drivers/fsl_ctimer.o
                0x00006768                CTIMER1_DriverIRQHandler
 .text.CTIMER2_DriverIRQHandler
                0x00006776        0xe ./drivers/fsl_ctimer.o
                0x00006776                CTIMER2_DriverIRQHandler
 .text.CTIMER3_DriverIRQHandler
                0x00006784        0xe ./drivers/fsl_ctimer.o
                0x00006784                CTIMER3_DriverIRQHandler
 .text.CTIMER4_DriverIRQHandler
                0x00006792        0xe ./drivers/fsl_ctimer.o
                0x00006792                CTIMER4_DriverIRQHandler
 .text.CLOCK_EnableClock
                0x000067a0       0x30 ./drivers/fsl_flexcomm.o
 .text.FLEXCOMM_PeripheralIsPresent
                0x000067d0       0x64 ./drivers/fsl_flexcomm.o
 .text.FLEXCOMM_SetPeriph
                0x00006834       0x74 ./drivers/fsl_flexcomm.o
 .text.CLOCK_EnableClock
                0x000068a8       0x30 ./drivers/fsl_gpio.o
 .text.GPIO_PinInit
                0x000068d8       0xa4 ./drivers/fsl_gpio.o
                0x000068d8                GPIO_PinInit
 .text.I2C_MasterEnable
                0x0000697c       0x44 ./drivers/fsl_i2c.o
 .text.I2C_MasterInit
                0x000069c0       0x6e ./drivers/fsl_i2c.o
                0x000069c0                I2C_MasterInit
 .text.I2C_GetStatusFlags
                0x00006a2e       0x88 ./drivers/fsl_i2c.o
                0x00006a2e                I2C_GetStatusFlags
 .text.I2C_MasterStart
                0x00006ab6       0x46 ./drivers/fsl_i2c.o
                0x00006ab6                I2C_MasterStart
 .text.I2C_MasterStop
                0x00006afc       0x2c ./drivers/fsl_i2c.o
                0x00006afc                I2C_MasterStop
 .text.CLOCK_EnableClock
                0x00006b28       0x30 ./drivers/fsl_lpadc.o
 .text.RESET_ReleasePeripheralReset
                0x00006b58       0x16 ./drivers/fsl_lpadc.o
 .text.LPADC_Enable
                0x00006b6e       0x38 ./drivers/fsl_lpadc.o
 .text.LPADC_DoResetFIFO0
                0x00006ba6       0x20 ./drivers/fsl_lpadc.o
 .text.LPADC_DoResetFIFO1
                0x00006bc6       0x20 ./drivers/fsl_lpadc.o
 .text.LPADC_DoResetConfig
                0x00006be6       0x2c ./drivers/fsl_lpadc.o
 .text.LPADC_GetConvResultCount
                0x00006c12       0x26 ./drivers/fsl_lpadc.o
 .text.LPADC_DoAutoCalibration
                0x00006c38       0x1c ./drivers/fsl_lpadc.o
                0x00006c38                LPADC_DoAutoCalibration
 .text.LPADC_FinishAutoCalibration
                0x00006c54      0x104 ./drivers/fsl_lpadc.o
                0x00006c54                LPADC_FinishAutoCalibration
 .text.lowpower_set_voltage_for_process
                0x00006d58       0xaa ./drivers/fsl_power.o
 .text.RESET_PeripheralReset
                0x00006e02       0x1c ./drivers/fsl_reset.o
                0x00006e02                RESET_PeripheralReset
 .text.USART_EnableContinuousSCLK
                0x00006e1e       0x38 ./drivers/fsl_usart.o
 .text.SystemInitHook
                0x00006e56        0xe ./device/system_LPC55S69_cm33_core0.o
                0x00006e56                SystemInitHook
 .text.HAL_UartGetStatus
                0x00006e64       0x22 ./component/uart/fsl_adapter_usart.o
 .text.HAL_UartInit
                0x00006e86       0x36 ./component/uart/fsl_adapter_usart.o
                0x00006e86                HAL_UartInit
 .text.DisableGlobalIRQ
                0x00006ebc       0x22 ./component/serial_manager/fsl_component_serial_manager.o
 .text.EnableGlobalIRQ
                0x00006ede       0x20 ./component/serial_manager/fsl_component_serial_manager.o
 .text.SerialManager_StartWriting
                0x00006efe       0x38 ./component/serial_manager/fsl_component_serial_manager.o
 .text.SerialManager_Write
                0x00006f36       0x44 ./component/serial_manager/fsl_component_serial_manager.o
 .text.SerialManager_Init
                0x00006f7a       0x60 ./component/serial_manager/fsl_component_serial_manager.o
                0x00006f7a                SerialManager_Init
 .text.SerialManager_OpenWriteHandle
                0x00006fda       0x50 ./component/serial_manager/fsl_component_serial_manager.o
                0x00006fda                SerialManager_OpenWriteHandle
 .text.SerialManager_OpenReadHandle
                0x0000702a       0x60 ./component/serial_manager/fsl_component_serial_manager.o
                0x0000702a                SerialManager_OpenReadHandle
 .text.SerialManager_WriteBlocking
                0x0000708a       0x20 ./component/serial_manager/fsl_component_serial_manager.o
                0x0000708a                SerialManager_WriteBlocking
 .text.Serial_UartInit
                0x000070aa       0x3e ./component/serial_manager/fsl_component_serial_port_uart.o
                0x000070aa                Serial_UartInit
 .text.Serial_UartWrite
                0x000070e8       0x38 ./component/serial_manager/fsl_component_serial_port_uart.o
                0x000070e8                Serial_UartWrite
 .text.BOARD_InitBootClocks
                0x00007120        0xc ./board/clock_config.o
                0x00007120                BOARD_InitBootClocks
 .text.EnableIRQ
                0x0000712c       0x32 ./board/peripherals.o
 .text.LPADC_EnableInterrupts
                0x0000715e       0x22 ./board/peripherals.o
 .text.CTIMER_StartTimer
                0x00007180       0x20 ./board/peripherals.o
 .text.BOARD_InitPeripherals_cm33_core0
                0x000071a0       0x14 ./board/peripherals.o
                0x000071a0                BOARD_InitPeripherals_cm33_core0
 .text.BOARD_InitBootPeripherals
                0x000071b4        0xc ./board/peripherals.o
                0x000071b4                BOARD_InitBootPeripherals
 .text.CLOCK_EnableClock
                0x000071c0       0x30 ./board/pin_mux.o
 .text.IOCON_PinMuxSet
                0x000071f0       0x2e ./board/pin_mux.o
 .text.BOARD_InitBootPins
                0x0000721e       0x10 ./board/pin_mux.o
                0x0000721e                BOARD_InitBootPins
 .text.__main   0x0000722e        0xe c:/nxp/mcuxpressoide_11.9.0_2144/ide/plugins/com.nxp.mcuxpresso.tools.win32_11.9.0.202307121226/tools/bin/../lib/gcc/arm-none-eabi/12.3.1/../../../../arm-none-eabi/lib/thumb/v8-m.main+fp/hard\libcr_nohost_nf.a(_cr__main.o)
                0x0000722e                __main
 .text.memcpy   0x0000723c        0x4 c:/nxp/mcuxpressoide_11.9.0_2144/ide/plugins/com.nxp.mcuxpresso.tools.win32_11.9.0.202307121226/tools/bin/../lib/gcc/arm-none-eabi/12.3.1/../../../../arm-none-eabi/lib/thumb/v8-m.main+fp/hard\libcr_c.a(memcpy.o)
                0x0000723c                memcpy
 .text.memset   0x00007240        0x4 c:/nxp/mcuxpressoide_11.9.0_2144/ide/plugins/com.nxp.mcuxpresso.tools.win32_11.9.0.202307121226/tools/bin/../lib/gcc/arm-none-eabi/12.3.1/../../../../arm-none-eabi/lib/thumb/v8-m.main+fp/hard\libcr_c.a(memset.o)
                0x00007240                memset
 .text.free     0x00007244       0x30 c:/nxp/mcuxpressoide_11.9.0_2144/ide/plugins/com.nxp.mcuxpresso.tools.win32_11.9.0.202307121226/tools/bin/../lib/gcc/arm-none-eabi/12.3.1/../../../../arm-none-eabi/lib/thumb/v8-m.main+fp/hard\libcr_c.a(alloc.o)
                0x00007244                free
 .text.fp_round
                0x00007274       0x4c c:/nxp/mcuxpressoide_11.9.0_2144/ide/plugins/com.nxp.mcuxpresso.tools.win32_11.9.0.202307121226/tools/bin/../lib/gcc/arm-none-eabi/12.3.1/../../../../arm-none-eabi/lib/thumb/v8-m.main+fp/hard\libcr_c.a(fpprintf.o)
 .text.pr_dec.constprop.0
                0x000072c0       0x24 c:/nxp/mcuxpressoide_11.9.0_2144/ide/plugins/com.nxp.mcuxpresso.tools.win32_11.9.0.202307121226/tools/bin/../lib/gcc/arm-none-eabi/12.3.1/../../../../arm-none-eabi/lib/thumb/v8-m.main+fp/hard\libcr_c.a(fpprintf.o)
 .text.setvbuf  0x000072e4       0x3e c:/nxp/mcuxpressoide_11.9.0_2144/ide/plugins/com.nxp.mcuxpresso.tools.win32_11.9.0.202307121226/tools/bin/../lib/gcc/arm-none-eabi/12.3.1/../../../../arm-none-eabi/lib/thumb/v8-m.main+fp/hard\libcr_c.a(setvbuf.o)
                0x000072e4                setvbuf
 .text.abs      0x00007322        0x8 c:/nxp/mcuxpressoide_11.9.0_2144/ide/plugins/com.nxp.mcuxpresso.tools.win32_11.9.0.202307121226/tools/bin/../lib/gcc/arm-none-eabi/12.3.1/../../../../arm-none-eabi/lib/thumb/v8-m.main+fp/hard\libcr_c.a(stdlib.o)
                0x00007322                abs
 .text.strlen   0x0000732a       0x4e c:/nxp/mcuxpressoide_11.9.0_2144/ide/plugins/com.nxp.mcuxpresso.tools.win32_11.9.0.202307121226/tools/bin/../lib/gcc/arm-none-eabi/12.3.1/../../../../arm-none-eabi/lib/thumb/v8-m.main+fp/hard\libcr_c.a(strlen.o)
                0x0000732a                strlen
 .text._deferredlazyseek
                0x00007378       0x40 c:/nxp/mcuxpressoide_11.9.0_2144/ide/plugins/com.nxp.mcuxpresso.tools.win32_11.9.0.202307121226/tools/bin/../lib/gcc/arm-none-eabi/12.3.1/../../../../arm-none-eabi/lib/thumb/v8-m.main+fp/hard\libcr_c.a(_deferredlazyseek.o)
                0x00007378                _deferredlazyseek
 .text.__flsbuf
                0x000073b8      0x140 c:/nxp/mcuxpressoide_11.9.0_2144/ide/plugins/com.nxp.mcuxpresso.tools.win32_11.9.0.202307121226/tools/bin/../lib/gcc/arm-none-eabi/12.3.1/../../../../arm-none-eabi/lib/thumb/v8-m.main+fp/hard\libcr_c.a(_deferredlazyseek.o)
                0x000073b8                __flsbuf
 .text._fdopen  0x000074f8       0x68 c:/nxp/mcuxpressoide_11.9.0_2144/ide/plugins/com.nxp.mcuxpresso.tools.win32_11.9.0.202307121226/tools/bin/../lib/gcc/arm-none-eabi/12.3.1/../../../../arm-none-eabi/lib/thumb/v8-m.main+fp/hard\libcr_c.a(_fdopen.o)
                0x000074f8                _fdopen
 .text._fflush  0x00007560       0x52 c:/nxp/mcuxpressoide_11.9.0_2144/ide/plugins/com.nxp.mcuxpresso.tools.win32_11.9.0.202307121226/tools/bin/../lib/gcc/arm-none-eabi/12.3.1/../../../../arm-none-eabi/lib/thumb/v8-m.main+fp/hard\libcr_c.a(_fflush.o)
                0x00007560                _fflush
 .text.fclose   0x000075b2       0x58 c:/nxp/mcuxpressoide_11.9.0_2144/ide/plugins/com.nxp.mcuxpresso.tools.win32_11.9.0.202307121226/tools/bin/../lib/gcc/arm-none-eabi/12.3.1/../../../../arm-none-eabi/lib/thumb/v8-m.main+fp/hard\libcr_c.a(fclose.o)
                0x000075b2                fclose
 .text.remove   0x0000760a       0x14 c:/nxp/mcuxpressoide_11.9.0_2144/ide/plugins/com.nxp.mcuxpresso.tools.win32_11.9.0.202307121226/tools/bin/../lib/gcc/arm-none-eabi/12.3.1/../../../../arm-none-eabi/lib/thumb/v8-m.main+fp/hard\libcr_c.a(remove.o)
                0x0000760a                remove
 .text._do_fflush
                0x0000761e       0x40 c:/nxp/mcuxpressoide_11.9.0_2144/ide/plugins/com.nxp.mcuxpresso.tools.win32_11.9.0.202307121226/tools/bin/../lib/gcc/arm-none-eabi/12.3.1/../../../../arm-none-eabi/lib/thumb/v8-m.main+fp/hard\libcr_c.a(_do_fflush.o)
                0x0000761e                _do_fflush
 .text.__aeabi_division_uldivmod
                0x0000765e      0x174 c:/nxp/mcuxpressoide_11.9.0_2144/ide/plugins/com.nxp.mcuxpresso.tools.win32_11.9.0.202307121226/tools/bin/../lib/gcc/arm-none-eabi/12.3.1/thumb/v8-m.main+fp/hard\libcr_eabihelpers.a(division_64.o)
                0x0000765e                __aeabi_uldivmod
                0x00007662                __bhs_ldivmod1
 .text.__aeabi_division_idiv0
                0x000077d2        0x2 c:/nxp/mcuxpressoide_11.9.0_2144/ide/plugins/com.nxp.mcuxpresso.tools.win32_11.9.0.202307121226/tools/bin/../lib/gcc/arm-none-eabi/12.3.1/thumb/v8-m.main+fp/hard\libcr_eabihelpers.a(division_idiv0.o)
                0x000077d2                __aeabi_idiv0
 .text.__aeabi_d2iz
                0x000077d4       0x42 c:/nxp/mcuxpressoide_11.9.0_2144/ide/plugins/com.nxp.mcuxpresso.tools.win32_11.9.0.202307121226/tools/bin/../lib/gcc/arm-none-eabi/12.3.1/thumb/v8-m.main+fp/hard\libcr_eabihelpers.a(double.o)
                0x000077d4                __aeabi_d2iz
 .text.__aeabi_d2lz
                0x00007816       0x8a c:/nxp/mcuxpressoide_11.9.0_2144/ide/plugins/com.nxp.mcuxpresso.tools.win32_11.9.0.202307121226/tools/bin/../lib/gcc/arm-none-eabi/12.3.1/thumb/v8-m.main+fp/hard\libcr_eabihelpers.a(double.o)
                0x00007816                __aeabi_d2lz
 .text.__bhs_ui2d
                0x000078a0       0x46 c:/nxp/mcuxpressoide_11.9.0_2144/ide/plugins/com.nxp.mcuxpresso.tools.win32_11.9.0.202307121226/tools/bin/../lib/gcc/arm-none-eabi/12.3.1/thumb/v8-m.main+fp/hard\libcr_eabihelpers.a(double.o)
                0x000078a0                __bhs_ui2d
 .text.__bhs_ul2d
                0x000078e6       0x8a c:/nxp/mcuxpressoide_11.9.0_2144/ide/plugins/com.nxp.mcuxpresso.tools.win32_11.9.0.202307121226/tools/bin/../lib/gcc/arm-none-eabi/12.3.1/thumb/v8-m.main+fp/hard\libcr_eabihelpers.a(double.o)
                0x000078e6                __bhs_ul2d
 .text.__aeabi_i2d
                0x00007970       0x10 c:/nxp/mcuxpressoide_11.9.0_2144/ide/plugins/com.nxp.mcuxpresso.tools.win32_11.9.0.202307121226/tools/bin/../lib/gcc/arm-none-eabi/12.3.1/thumb/v8-m.main+fp/hard\libcr_eabihelpers.a(double.o)
                0x00007970                __aeabi_i2d
 .text.__aeabi_ui2d
                0x00007980        0x8 c:/nxp/mcuxpressoide_11.9.0_2144/ide/plugins/com.nxp.mcuxpresso.tools.win32_11.9.0.202307121226/tools/bin/../lib/gcc/arm-none-eabi/12.3.1/thumb/v8-m.main+fp/hard\libcr_eabihelpers.a(double.o)
                0x00007980                __aeabi_ui2d
 .text.__aeabi_l2d
                0x00007988       0x1c c:/nxp/mcuxpressoide_11.9.0_2144/ide/plugins/com.nxp.mcuxpresso.tools.win32_11.9.0.202307121226/tools/bin/../lib/gcc/arm-none-eabi/12.3.1/thumb/v8-m.main+fp/hard\libcr_eabihelpers.a(double.o)
                0x00007988                __aeabi_l2d
 .text.__aeabi_dcmpeq
                0x000079a4       0x3e c:/nxp/mcuxpressoide_11.9.0_2144/ide/plugins/com.nxp.mcuxpresso.tools.win32_11.9.0.202307121226/tools/bin/../lib/gcc/arm-none-eabi/12.3.1/thumb/v8-m.main+fp/hard\libcr_eabihelpers.a(double.o)
                0x000079a4                __aeabi_dcmpeq
 .text.__aeabi_dcmplt
                0x000079e2       0x5a c:/nxp/mcuxpressoide_11.9.0_2144/ide/plugins/com.nxp.mcuxpresso.tools.win32_11.9.0.202307121226/tools/bin/../lib/gcc/arm-none-eabi/12.3.1/thumb/v8-m.main+fp/hard\libcr_eabihelpers.a(double.o)
                0x000079e2                __aeabi_dcmplt
 .text.__aeabi_dcmpgt
                0x00007a3c       0x56 c:/nxp/mcuxpressoide_11.9.0_2144/ide/plugins/com.nxp.mcuxpresso.tools.win32_11.9.0.202307121226/tools/bin/../lib/gcc/arm-none-eabi/12.3.1/thumb/v8-m.main+fp/hard\libcr_eabihelpers.a(double.o)
                0x00007a3c                __aeabi_dcmpgt
 .text.__aeabi_dcmple
                0x00007a92       0x5a c:/nxp/mcuxpressoide_11.9.0_2144/ide/plugins/com.nxp.mcuxpresso.tools.win32_11.9.0.202307121226/tools/bin/../lib/gcc/arm-none-eabi/12.3.1/thumb/v8-m.main+fp/hard\libcr_eabihelpers.a(double.o)
                0x00007a92                __aeabi_dcmple
 .text.__aeabi_dcmpge
                0x00007aec       0x5a c:/nxp/mcuxpressoide_11.9.0_2144/ide/plugins/com.nxp.mcuxpresso.tools.win32_11.9.0.202307121226/tools/bin/../lib/gcc/arm-none-eabi/12.3.1/thumb/v8-m.main+fp/hard\libcr_eabihelpers.a(double.o)
                0x00007aec                __aeabi_dcmpge
 .text.__aeabi_memcpy
                0x00007b46       0x34 c:/nxp/mcuxpressoide_11.9.0_2144/ide/plugins/com.nxp.mcuxpresso.tools.win32_11.9.0.202307121226/tools/bin/../lib/gcc/arm-none-eabi/12.3.1/thumb/v8-m.main+fp/hard\libcr_eabihelpers.a(memcpy.o)
                0x00007b46                __aeabi_memcpy
                0x00007b50                __aeabi_memcpy8
                0x00007b50                __aeabi_memcpy4
 .text.__aeabi_memset_lowlevel
                0x00007b7a       0x32 c:/nxp/mcuxpressoide_11.9.0_2144/ide/plugins/com.nxp.mcuxpresso.tools.win32_11.9.0.202307121226/tools/bin/../lib/gcc/arm-none-eabi/12.3.1/thumb/v8-m.main+fp/hard\libcr_eabihelpers.a(memcpy.o)
                0x00007b7a                __aeabi_lowlevel_memset
 .text.__sys_appexit
                0x00007bac        0x2 c:/nxp/mcuxpressoide_11.9.0_2144/ide/plugins/com.nxp.mcuxpresso.tools.win32_11.9.0.202307121226/tools/bin/../lib/gcc/arm-none-eabi/12.3.1/../../../../arm-none-eabi/lib/thumb/v8-m.main+fp/hard\libcr_nohost_nf.a(__sys_appexit.o)
                0x00007bac                __sys_appexit
                0x00007bac                __exit
 .text.__sys_close
                0x00007bae        0x6 c:/nxp/mcuxpressoide_11.9.0_2144/ide/plugins/com.nxp.mcuxpresso.tools.win32_11.9.0.202307121226/tools/bin/../lib/gcc/arm-none-eabi/12.3.1/../../../../arm-none-eabi/lib/thumb/v8-m.main+fp/hard\libcr_nohost_nf.a(__sys_close.o)
                0x00007bae                __sys_close
 .text.__sys_flen
                0x00007bb4        0x6 c:/nxp/mcuxpressoide_11.9.0_2144/ide/plugins/com.nxp.mcuxpresso.tools.win32_11.9.0.202307121226/tools/bin/../lib/gcc/arm-none-eabi/12.3.1/../../../../arm-none-eabi/lib/thumb/v8-m.main+fp/hard\libcr_nohost_nf.a(__sys_flen.o)
                0x00007bb4                __sys_flen
 .text.__sys_istty
                0x00007bba        0x6 c:/nxp/mcuxpressoide_11.9.0_2144/ide/plugins/com.nxp.mcuxpresso.tools.win32_11.9.0.202307121226/tools/bin/../lib/gcc/arm-none-eabi/12.3.1/../../../../arm-none-eabi/lib/thumb/v8-m.main+fp/hard\libcr_nohost_nf.a(__sys_istty.o)
                0x00007bba                __sys_istty
 .text.__sys_remove
                0x00007bc0        0x6 c:/nxp/mcuxpressoide_11.9.0_2144/ide/plugins/com.nxp.mcuxpresso.tools.win32_11.9.0.202307121226/tools/bin/../lib/gcc/arm-none-eabi/12.3.1/../../../../arm-none-eabi/lib/thumb/v8-m.main+fp/hard\libcr_nohost_nf.a(__sys_remove.o)
                0x00007bc0                __sys_remove
 .text.__sys_seek
                0x00007bc6        0x6 c:/nxp/mcuxpressoide_11.9.0_2144/ide/plugins/com.nxp.mcuxpresso.tools.win32_11.9.0.202307121226/tools/bin/../lib/gcc/arm-none-eabi/12.3.1/../../../../arm-none-eabi/lib/thumb/v8-m.main+fp/hard\libcr_nohost_nf.a(__sys_seek.o)
                0x00007bc6                __sys_seek
 .text.__sys_tmpnam
                0x00007bcc        0x6 c:/nxp/mcuxpressoide_11.9.0_2144/ide/plugins/com.nxp.mcuxpresso.tools.win32_11.9.0.202307121226/tools/bin/../lib/gcc/arm-none-eabi/12.3.1/../../../../arm-none-eabi/lib/thumb/v8-m.main+fp/hard\libcr_nohost_nf.a(__sys_tmpnam.o)
                0x00007bcc                __sys_tmpnam
 .text.__sys_write
                0x00007bd2        0x4 c:/nxp/mcuxpressoide_11.9.0_2144/ide/plugins/com.nxp.mcuxpresso.tools.win32_11.9.0.202307121226/tools/bin/../lib/gcc/arm-none-eabi/12.3.1/../../../../arm-none-eabi/lib/thumb/v8-m.main+fp/hard\libcr_nohost_nf.a(__sys_write.o)
                0x00007bd2                __sys_write
 *(SORT_BY_ALIGNMENT(.rodata) SORT_BY_ALIGNMENT(.rodata.*) SORT_BY_ALIGNMENT(.constdata) SORT_BY_ALIGNMENT(.constdata.*))
 *fill*         0x00007bd6        0x2 ff
 .rodata.a2.0   0x00007bd8       0x40 c:/nxp/mcuxpressoide_11.9.0_2144/ide/plugins/com.nxp.mcuxpresso.tools.win32_11.9.0.202307121226/tools/bin/../lib/gcc/arm-none-eabi/12.3.1/../../../../arm-none-eabi/lib/thumb/v8-m.main+fp/hard\libcr_c.a(pow.o)
 .rodata.a1.1   0x00007c18       0x88 c:/nxp/mcuxpressoide_11.9.0_2144/ide/plugins/com.nxp.mcuxpresso.tools.win32_11.9.0.202307121226/tools/bin/../lib/gcc/arm-none-eabi/12.3.1/../../../../arm-none-eabi/lib/thumb/v8-m.main+fp/hard\libcr_c.a(pow.o)
 .rodata.__assertion_failed.str1.4
                0x00007ca0       0x14 ./utilities/fsl_assert.o
 .rodata.FontSystem5x8
                0x00007cb4      0x1e5 ./source/oled.o
                0x00007cb4                FontSystem5x8
 *fill*         0x00007e99        0x3 ff
 .rodata.PowerControl.str1.4
                0x00007e9c       0x10 ./source/psa01.o
 .rodata.SDK_DelayAtLeastUs.str1.4
                0x00007eac       0x2b ./drivers/fsl_common_arm.o
 *fill*         0x00007ed7        0x1 ff
 .rodata.s_ctimerBases
                0x00007ed8       0x14 ./drivers/fsl_ctimer.o
 .rodata.s_ctimerClocks
                0x00007eec        0xa ./drivers/fsl_ctimer.o
 *fill*         0x00007ef6        0x2 ff
 .rodata.s_ctimerResets
                0x00007ef8       0x14 ./drivers/fsl_ctimer.o
 .rodata.s_ctimerIRQ
                0x00007f0c        0x5 ./drivers/fsl_ctimer.o
 *fill*         0x00007f11        0x3 ff
 .rodata.CTIMER_GetInstance.str1.4
                0x00007f14       0x2e ./drivers/fsl_ctimer.o
 *fill*         0x00007f42        0x2 ff
 .rodata.CTIMER_Init.str1.4
                0x00007f44       0x22 ./drivers/fsl_ctimer.o
 *fill*         0x00007f66        0x2 ff
 .rodata.s_flexcommBaseAddrs
                0x00007f68       0x24 ./drivers/fsl_flexcomm.o
 .rodata.s_flexcommClocks
                0x00007f8c       0x12 ./drivers/fsl_flexcomm.o
 *fill*         0x00007f9e        0x2 ff
 .rodata.s_flexcommResets
                0x00007fa0       0x24 ./drivers/fsl_flexcomm.o
 .rodata.FLEXCOMM_GetInstance.str1.4
                0x00007fc4       0x41 ./drivers/fsl_flexcomm.o
 *fill*         0x00008005        0x3 ff
 .rodata.FLEXCOMM0_DriverIRQHandler.str1.4
                0x00008008       0x3c ./drivers/fsl_flexcomm.o
 .rodata.FLEXCOMM1_DriverIRQHandler.str1.4
                0x00008044       0x3c ./drivers/fsl_flexcomm.o
 .rodata.FLEXCOMM2_DriverIRQHandler.str1.4
                0x00008080       0x3c ./drivers/fsl_flexcomm.o
 .rodata.FLEXCOMM3_DriverIRQHandler.str1.4
                0x000080bc       0x3c ./drivers/fsl_flexcomm.o
 .rodata.FLEXCOMM4_DriverIRQHandler.str1.4
                0x000080f8       0x3c ./drivers/fsl_flexcomm.o
 .rodata.FLEXCOMM5_DriverIRQHandler.str1.4
                0x00008134       0x3c ./drivers/fsl_flexcomm.o
 .rodata.FLEXCOMM6_DriverIRQHandler.str1.4
                0x00008170       0x3c ./drivers/fsl_flexcomm.o
 .rodata.FLEXCOMM7_DriverIRQHandler.str1.4
                0x000081ac       0x3c ./drivers/fsl_flexcomm.o
 .rodata.FLEXCOMM8_DriverIRQHandler.str1.4
                0x000081e8       0x3c ./drivers/fsl_flexcomm.o
 .rodata.s_gpioClockName
                0x00008224        0x8 ./drivers/fsl_gpio.o
 .rodata.GPIO_EnablePortClock.str1.4
                0x0000822c       0x33 ./drivers/fsl_gpio.o
 *fill*         0x0000825f        0x1 ff
 .rodata.I2C_MasterSetTimeoutValue.str1.4
                0x00008260       0x3a ./drivers/fsl_i2c.o
 *fill*         0x0000829a        0x2 ff
 .rodata.I2C_MasterWriteBlocking.str1.4
                0x0000829c       0x1f ./drivers/fsl_i2c.o
 *fill*         0x000082bb        0x1 ff
 .rodata.LPADC_GetInstance.str1.4
                0x000082bc       0x36 ./drivers/fsl_lpadc.o
 *fill*         0x000082f2        0x2 ff
 .rodata.LPADC_Init.str1.4
                0x000082f4       0x21 ./drivers/fsl_lpadc.o
 *fill*         0x00008315        0x3 ff
 .rodata.LPADC_GetConvResult.str1.4
                0x00008318       0x21 ./drivers/fsl_lpadc.o
 *fill*         0x00008339        0x3 ff
 .rodata.LPADC_SetConvTriggerConfig.str1.4
                0x0000833c       0x51 ./drivers/fsl_lpadc.o
 *fill*         0x0000838d        0x3 ff
 .rodata.LPADC_SetConvCommandConfig.str1.4
                0x00008390      0x1ac ./drivers/fsl_lpadc.o
 .rodata.LPADC_PrepareAutoCalibration.str1.4
                0x0000853c       0x69 ./drivers/fsl_lpadc.o
 *fill*         0x000085a5        0x3 ff
 .rodata.RESET_SetPeripheralReset.str1.4
                0x000085a8       0x1e ./drivers/fsl_reset.o
 *fill*         0x000085c6        0x2 ff
 .rodata.RESET_ClearPeripheralReset.str1.4
                0x000085c8       0x1e ./drivers/fsl_reset.o
 *fill*         0x000085e6        0x2 ff
 .rodata.USART_Init.str1.4
                0x000085e8       0x4f ./drivers/fsl_usart.o
 *fill*         0x00008637        0x1 ff
 .rodata.USART_GetDefaultConfig.str1.4
                0x00008638       0x21 ./drivers/fsl_usart.o
 *fill*         0x00008659        0x3 ff
 .rodata.USART_SetBaudRate.str1.4
                0x0000865c       0x53 ./drivers/fsl_usart.o
 *fill*         0x000086af        0x1 ff
 .rodata.USART_WriteBlocking.str1.4
                0x000086b0       0x36 ./drivers/fsl_usart.o
 *fill*         0x000086e6        0x2 ff
 .rodata.s_UsartAdapterBase
                0x000086e8       0x20 ./component/uart/fsl_adapter_usart.o
 .rodata.HAL_UartInitCommon.str1.4
                0x00008708       0xeb ./component/uart/fsl_adapter_usart.o
 *fill*         0x000087f3        0x1 ff
 .rodata.HAL_UartSendBlocking.str1.4
                0x000087f4       0x65 ./component/uart/fsl_adapter_usart.o
 *fill*         0x00008859        0x3 ff
 .rodata.FLEXCOMM1_config
                0x0000885c        0xc ./board/peripherals.o
                0x0000885c                FLEXCOMM1_config
 .rodata.ADC0_config
                0x00008868       0x18 ./board/peripherals.o
                0x00008868                ADC0_config
 .rodata.CTIMER0_config
                0x00008880        0x8 ./board/peripherals.o
                0x00008880                CTIMER0_config
 .rodata.CTIMER0_Match_3_config
                0x00008888        0xc ./board/peripherals.o
                0x00008888                CTIMER0_Match_3_config
 .rodata.__num_Ciob_streams
                0x00008894        0x4 c:/nxp/mcuxpressoide_11.9.0_2144/ide/plugins/com.nxp.mcuxpresso.tools.win32_11.9.0.202307121226/tools/bin/../lib/gcc/arm-none-eabi/12.3.1/../../../../arm-none-eabi/lib/thumb/v8-m.main+fp/hard\libcr_nohost_nf.a(__ciob.o)
                0x00008894                __num_Ciob_streams
 .rodata._Csys_alloc.str1.1
                0x00008898       0x18 c:/nxp/mcuxpressoide_11.9.0_2144/ide/plugins/com.nxp.mcuxpresso.tools.win32_11.9.0.202307121226/tools/bin/../lib/gcc/arm-none-eabi/12.3.1/../../../../arm-none-eabi/lib/thumb/v8-m.main+fp/hard\libcr_c.a(alloc.o)
 .rodata.fp_display.str1.1
                0x000088b0       0x34 c:/nxp/mcuxpressoide_11.9.0_2144/ide/plugins/com.nxp.mcuxpresso.tools.win32_11.9.0.202307121226/tools/bin/../lib/gcc/arm-none-eabi/12.3.1/../../../../arm-none-eabi/lib/thumb/v8-m.main+fp/hard\libcr_c.a(fpprintf.o)
                                 0x35 (size before relaxing)
 .rodata._initio.str1.1
                0x000088e4        0x4 c:/nxp/mcuxpressoide_11.9.0_2144/ide/plugins/com.nxp.mcuxpresso.tools.win32_11.9.0.202307121226/tools/bin/../lib/gcc/arm-none-eabi/12.3.1/../../../../arm-none-eabi/lib/thumb/v8-m.main+fp/hard\libcr_c.a(initio.o)
 .rodata.__vfprintf.str1.1
                0x000088e8       0x31 c:/nxp/mcuxpressoide_11.9.0_2144/ide/plugins/com.nxp.mcuxpresso.tools.win32_11.9.0.202307121226/tools/bin/../lib/gcc/arm-none-eabi/12.3.1/../../../../arm-none-eabi/lib/thumb/v8-m.main+fp/hard\libcr_c.a(printf.o)
                                 0x38 (size before relaxing)
                0x0000891c                        . = ALIGN (0x4)
 *fill*         0x00008919        0x3 ff

.glue_7         0x0000891c        0x0
 .glue_7        0x0000891c        0x0 linker stubs

.glue_7t        0x0000891c        0x0
 .glue_7t       0x0000891c        0x0 linker stubs

.vfp11_veneer   0x0000891c        0x0
 .vfp11_veneer  0x0000891c        0x0 linker stubs

.v4_bx          0x0000891c        0x0
 .v4_bx         0x0000891c        0x0 linker stubs

.iplt           0x0000891c        0x0
 .iplt          0x0000891c        0x0 ./utilities/fsl_assert.o

.rel.dyn        0x0000891c        0x0
 .rel.iplt      0x0000891c        0x0 ./utilities/fsl_assert.o

.ARM.extab
 *(SORT_BY_ALIGNMENT(.ARM.extab*) SORT_BY_ALIGNMENT(.gnu.linkonce.armextab.*))

.ARM.exidx      0x0000891c        0x0
                0x0000891c                        __exidx_start = .
 *(SORT_BY_ALIGNMENT(.ARM.exidx*) SORT_BY_ALIGNMENT(.gnu.linkonce.armexidx.*))
                0x0000891c                        __exidx_end = .
                0x0000891c                        _etext = .

.m_usb_data
 *(SORT_BY_ALIGNMENT(m_usb_global))

.data_RAM2      0x04000000        0x0 load address 0x0000891c
 FILL mask 0xff
                [!provide]                        PROVIDE (__start_data_RAM2 = .)
                [!provide]                        PROVIDE (__start_data_SRAMX = .)
 *(SORT_BY_ALIGNMENT(.ramfunc.$RAM2))
 *(SORT_BY_ALIGNMENT(.ramfunc.$SRAMX))
 *(SORT_BY_ALIGNMENT(.data.$RAM2))
 *(SORT_BY_ALIGNMENT(.data.$SRAMX))
 *(SORT_BY_ALIGNMENT(.data.$RAM2.*))
 *(SORT_BY_ALIGNMENT(.data.$SRAMX.*))
                0x04000000                        . = ALIGN (0x4)
                [!provide]                        PROVIDE (__end_data_RAM2 = .)
                [!provide]                        PROVIDE (__end_data_SRAMX = .)

.data_RAM3      0x40100000        0x0 load address 0x0000891c
 FILL mask 0xff
                [!provide]                        PROVIDE (__start_data_RAM3 = .)
                [!provide]                        PROVIDE (__start_data_USB_RAM = .)
 *(SORT_BY_ALIGNMENT(.ramfunc.$RAM3))
 *(SORT_BY_ALIGNMENT(.ramfunc.$USB_RAM))
 *(SORT_BY_ALIGNMENT(.data.$RAM3))
 *(SORT_BY_ALIGNMENT(.data.$USB_RAM))
 *(SORT_BY_ALIGNMENT(.data.$RAM3.*))
 *(SORT_BY_ALIGNMENT(.data.$USB_RAM.*))
                0x40100000                        . = ALIGN (0x4)
                [!provide]                        PROVIDE (__end_data_RAM3 = .)
                [!provide]                        PROVIDE (__end_data_USB_RAM = .)

.data_RAM4      0x20040000        0x0 load address 0x0000891c
 FILL mask 0xff
                [!provide]                        PROVIDE (__start_data_RAM4 = .)
                [!provide]                        PROVIDE (__start_data_SRAM4 = .)
 *(SORT_BY_ALIGNMENT(.ramfunc.$RAM4))
 *(SORT_BY_ALIGNMENT(.ramfunc.$SRAM4))
 *(SORT_BY_ALIGNMENT(.data.$RAM4))
 *(SORT_BY_ALIGNMENT(.data.$SRAM4))
 *(SORT_BY_ALIGNMENT(.data.$RAM4.*))
 *(SORT_BY_ALIGNMENT(.data.$SRAM4.*))
                0x20040000                        . = ALIGN (0x4)
                [!provide]                        PROVIDE (__end_data_RAM4 = .)
                [!provide]                        PROVIDE (__end_data_SRAM4 = .)

.uninit_RESERVED
                0x20000000        0x0
                0x20000000                        _start_uninit_RESERVED = .
 *(SORT_BY_ALIGNMENT(.bss.$RESERVED*))
                0x20000000                        . = ALIGN (0x4)
                0x20000000                        _end_uninit_RESERVED = .

.data           0x20000000       0x3c load address 0x0000891c
 FILL mask 0xff
                0x20000000                        _data = .
                [!provide]                        PROVIDE (__start_data_RAM = .)
                [!provide]                        PROVIDE (__start_data_SRAM = .)
 *(SORT_BY_ALIGNMENT(vtable))
 *(SORT_BY_ALIGNMENT(.ramfunc*))
 *(SORT_BY_ALIGNMENT(CodeQuickAccess))
 *(SORT_BY_ALIGNMENT(DataQuickAccess))
 *(SORT_BY_ALIGNMENT(RamFunction))
 *(SORT_BY_ALIGNMENT(.data*))
 .data.s_Ext_Clk_Freq
                0x20000000        0x4 ./drivers/fsl_clock.o
 .data.SystemCoreClock
                0x20000004        0x4 ./device/system_LPC55S69_cm33_core0.o
                0x20000004                SystemCoreClock
 .data.ADC0_commandsConfig
                0x20000008       0x24 ./board/peripherals.o
                0x20000008                ADC0_commandsConfig
 .data.ADC0_triggersConfig
                0x2000002c       0x10 ./board/peripherals.o
                0x2000002c                ADC0_triggersConfig
                0x2000003c                        . = ALIGN (0x4)
                0x2000003c                        _edata = .
                [!provide]                        PROVIDE (__end_data_RAM = .)
                [!provide]                        PROVIDE (__end_data_SRAM = .)

.igot.plt       0x2000003c        0x0 load address 0x00008958
 .igot.plt      0x2000003c        0x0 ./utilities/fsl_assert.o

.bss_RAM2       0x04000000        0x0
                [!provide]                        PROVIDE (__start_bss_RAM2 = .)
                [!provide]                        PROVIDE (__start_bss_SRAMX = .)
 *(SORT_BY_ALIGNMENT(.bss.$RAM2))
 *(SORT_BY_ALIGNMENT(.bss.$SRAMX))
 *(SORT_BY_ALIGNMENT(.bss.$RAM2.*))
 *(SORT_BY_ALIGNMENT(.bss.$SRAMX.*))
                0x04000000                        . = ALIGN ((. != 0x0)?0x4:0x1)
                [!provide]                        PROVIDE (__end_bss_RAM2 = .)
                [!provide]                        PROVIDE (__end_bss_SRAMX = .)

.bss_RAM3       0x40100000        0x0
                [!provide]                        PROVIDE (__start_bss_RAM3 = .)
                [!provide]                        PROVIDE (__start_bss_USB_RAM = .)
 *(SORT_BY_ALIGNMENT(.bss.$RAM3))
 *(SORT_BY_ALIGNMENT(.bss.$USB_RAM))
 *(SORT_BY_ALIGNMENT(.bss.$RAM3.*))
 *(SORT_BY_ALIGNMENT(.bss.$USB_RAM.*))
                0x40100000                        . = ALIGN ((. != 0x0)?0x4:0x1)
                [!provide]                        PROVIDE (__end_bss_RAM3 = .)
                [!provide]                        PROVIDE (__end_bss_USB_RAM = .)

.bss_RAM4       0x20040000        0x0
                [!provide]                        PROVIDE (__start_bss_RAM4 = .)
                [!provide]                        PROVIDE (__start_bss_SRAM4 = .)
 *(SORT_BY_ALIGNMENT(.bss.$RAM4))
 *(SORT_BY_ALIGNMENT(.bss.$SRAM4))
 *(SORT_BY_ALIGNMENT(.bss.$RAM4.*))
 *(SORT_BY_ALIGNMENT(.bss.$SRAM4.*))
                0x20040000                        . = ALIGN ((. != 0x0)?0x4:0x1)
                [!provide]                        PROVIDE (__end_bss_RAM4 = .)
                [!provide]                        PROVIDE (__end_bss_SRAM4 = .)

.bss            0x2000003c      0x56c
                0x2000003c                        _bss = .
                [!provide]                        PROVIDE (__start_bss_RAM = .)
                [!provide]                        PROVIDE (__start_bss_SRAM = .)
 *(SORT_BY_ALIGNMENT(.bss*))
 .bss.s_debugConsoleState
                0x2000003c       0x20 ./utilities/fsl_debug_console.o
 .bss.g_serialHandle
                0x2000005c        0x4 ./utilities/fsl_debug_console.o
                0x2000005c                g_serialHandle
 .bss.I2C_base  0x20000060        0x4 ./source/oled.o
 .bss.displayBuffer
                0x20000064      0x400 ./source/oled.o
 .bss.cmd_buff  0x20000464        0x2 ./source/oled.o
 *fill*         0x20000466        0x2 
 .bss.g_LpadcResultConfigStruct
                0x20000468       0x10 ./source/psa01.o
                0x20000468                g_LpadcResultConfigStruct
 .bss.s_Pll0_Freq
                0x20000478        0x4 ./drivers/fsl_clock.o
 .bss.s_ctimerCallback
                0x2000047c       0x14 ./drivers/fsl_ctimer.o
 .bss.ctimerCallbackType
                0x20000490        0x5 ./drivers/fsl_ctimer.o
 *fill*         0x20000495        0x3 
 .bss.s_flexcommIrqHandler
                0x20000498       0x24 ./drivers/fsl_flexcomm.o
 .bss.s_flexcommHandle
                0x200004bc       0x24 ./drivers/fsl_flexcomm.o
 .bss.errno     0x200004e0        0x4 c:/nxp/mcuxpressoide_11.9.0_2144/ide/plugins/com.nxp.mcuxpresso.tools.win32_11.9.0.202307121226/tools/bin/../lib/gcc/arm-none-eabi/12.3.1/../../../../arm-none-eabi/lib/thumb/v8-m.main+fp/hard\libcr_c.a(errno.o)
                0x200004e0                errno
 .bss.__end_of_heap
                0x200004e4        0x4 c:/nxp/mcuxpressoide_11.9.0_2144/ide/plugins/com.nxp.mcuxpresso.tools.win32_11.9.0.202307121226/tools/bin/../lib/gcc/arm-none-eabi/12.3.1/../../../../arm-none-eabi/lib/thumb/v8-m.main+fp/hard\libcr_c.a(__init_alloc.o)
                0x200004e4                __end_of_heap
 .bss.__heaps   0x200004e8        0x4 c:/nxp/mcuxpressoide_11.9.0_2144/ide/plugins/com.nxp.mcuxpresso.tools.win32_11.9.0.202307121226/tools/bin/../lib/gcc/arm-none-eabi/12.3.1/../../../../arm-none-eabi/lib/thumb/v8-m.main+fp/hard\libcr_c.a(__init_alloc.o)
                0x200004e8                __heaps
 .bss.__Ciob    0x200004ec       0xb4 c:/nxp/mcuxpressoide_11.9.0_2144/ide/plugins/com.nxp.mcuxpresso.tools.win32_11.9.0.202307121226/tools/bin/../lib/gcc/arm-none-eabi/12.3.1/../../../../arm-none-eabi/lib/thumb/v8-m.main+fp/hard\libcr_nohost_nf.a(__ciob.o)
                0x200004ec                __Ciob
 .bss.adcCh1    0x200005a0        0x2 ./source/psa01.o
                0x200005a0                adcCh1
 .bss.adcCh2    0x200005a2        0x2 ./source/psa01.o
                0x200005a2                adcCh2
 .bss.s_debugConsoleReadWaitSemaphore
                0x200005a4        0x1 ./utilities/fsl_debug_console.o
 *(SORT_BY_ALIGNMENT(COMMON))
                0x200005a8                        . = ALIGN (0x4)
 *fill*         0x200005a5        0x3 
                0x200005a8                        _ebss = .
                [!provide]                        PROVIDE (__end_bss_RAM = .)
                [!provide]                        PROVIDE (__end_bss_SRAM = .)
                [!provide]                        PROVIDE (end = .)

.noinit_RAM2    0x04000000        0x0
                [!provide]                        PROVIDE (__start_noinit_RAM2 = .)
                [!provide]                        PROVIDE (__start_noinit_SRAMX = .)
 *(SORT_BY_ALIGNMENT(.noinit.$RAM2))
 *(SORT_BY_ALIGNMENT(.noinit.$SRAMX))
 *(SORT_BY_ALIGNMENT(.noinit.$RAM2.*))
 *(SORT_BY_ALIGNMENT(.noinit.$SRAMX.*))
                0x04000000                        . = ALIGN (0x4)
                [!provide]                        PROVIDE (__end_noinit_RAM2 = .)
                [!provide]                        PROVIDE (__end_noinit_SRAMX = .)

.noinit_RAM3    0x40100000        0x0
                [!provide]                        PROVIDE (__start_noinit_RAM3 = .)
                [!provide]                        PROVIDE (__start_noinit_USB_RAM = .)
 *(SORT_BY_ALIGNMENT(.noinit.$RAM3))
 *(SORT_BY_ALIGNMENT(.noinit.$USB_RAM))
 *(SORT_BY_ALIGNMENT(.noinit.$RAM3.*))
 *(SORT_BY_ALIGNMENT(.noinit.$USB_RAM.*))
                0x40100000                        . = ALIGN (0x4)
                [!provide]                        PROVIDE (__end_noinit_RAM3 = .)
                [!provide]                        PROVIDE (__end_noinit_USB_RAM = .)

.noinit_RAM4    0x20040000        0x0
                [!provide]                        PROVIDE (__start_noinit_RAM4 = .)
                [!provide]                        PROVIDE (__start_noinit_SRAM4 = .)
 *(SORT_BY_ALIGNMENT(.noinit.$RAM4))
 *(SORT_BY_ALIGNMENT(.noinit.$SRAM4))
 *(SORT_BY_ALIGNMENT(.noinit.$RAM4.*))
 *(SORT_BY_ALIGNMENT(.noinit.$SRAM4.*))
                0x20040000                        . = ALIGN (0x4)
                [!provide]                        PROVIDE (__end_noinit_RAM4 = .)
                [!provide]                        PROVIDE (__end_noinit_SRAM4 = .)

.noinit         0x200005a8        0x0
                0x200005a8                        _noinit = .
                [!provide]                        PROVIDE (__start_noinit_RAM = .)
                [!provide]                        PROVIDE (__start_noinit_SRAM = .)
 *(SORT_BY_ALIGNMENT(.noinit*))
                0x200005a8                        . = ALIGN (0x4)
                0x200005a8                        _end_noinit = .
                [!provide]                        PROVIDE (__end_noinit_RAM = .)
                [!provide]                        PROVIDE (__end_noinit_SRAM = .)
                0x00001000                        _HeapSize = 0x1000

.heap           0x200005a8     0x1000
                0x200005a8                        _pvHeapStart = .
                0x200015a8                        . = (. + _HeapSize)
 *fill*         0x200005a8     0x1000 
                0x200015a8                        . = ALIGN (0x4)
                0x200015a8                        _pvHeapLimit = .
                0x00001000                        _StackSize = 0x1000

.heap2stackfill
                0x200015a8     0x1000
                0x200025a8                        . = (. + _StackSize)
 *fill*         0x200015a8     0x1000 

.stack          0x2003f000        0x0
                0x2003f000                        _vStackBase = .
                0x2003f000                        . = ALIGN (0x4)
                0x20040000                        _vStackTop = (. + _StackSize)
                [!provide]                        PROVIDE (__valid_user_code_checksum = (0x0 - ((((((_vStackTop + (ResetISR + 0x1)) + (NMI_Handler + 0x1)) + (HardFault_Handler + 0x1)) + (DEFINED (MemManage_Handler)?MemManage_Handler:0x0 + 0x1)) + (DEFINED (BusFault_Handler)?BusFault_Handler:0x0 + 0x1)) + (DEFINED (UsageFault_Handler)?UsageFault_Handler:0x0 + 0x1))))
                0x00000000                        _image_start = LOADADDR (.text)
                0x00008958                        _image_end = (LOADADDR (.data) + SIZEOF (.data))
                0x00008958                        _image_size = (_image_end - _image_start)
OUTPUT(psa01.axf elf32-littlearm)
LOAD linker stubs

.debug_info     0x00000000    0x29d8f
 .debug_info    0x00000000      0x12e ./utilities/fsl_assert.o
 .debug_info    0x0000012e      0xe75 ./utilities/fsl_debug_console.o
 .debug_info    0x00000fa3      0xed1 ./utilities/fsl_str.o
 .debug_info    0x00001e74      0x9c9 ./startup/startup_lpc55s69_cm33_core0.o
 .debug_info    0x0000283d     0x13df ./source/oled.o
 .debug_info    0x00003c1c      0xe6b ./source/psa01.o
 .debug_info    0x00004a87       0x3c ./source/semihost_hardfault.o
 .debug_info    0x00004ac3     0x33f7 ./drivers/fsl_clock.o
 .debug_info    0x00007eba      0x623 ./drivers/fsl_common_arm.o
 .debug_info    0x000084dd     0x22f8 ./drivers/fsl_ctimer.o
 .debug_info    0x0000a7d5     0x1b16 ./drivers/fsl_flexcomm.o
 .debug_info    0x0000c2eb     0x17c5 ./drivers/fsl_gpio.o
 .debug_info    0x0000dab0     0x2334 ./drivers/fsl_i2c.o
 .debug_info    0x0000fde4     0x233f ./drivers/fsl_lpadc.o
 .debug_info    0x00012123     0x2ade ./drivers/fsl_power.o
 .debug_info    0x00014c01      0xf02 ./drivers/fsl_reset.o
 .debug_info    0x00015b03     0x1892 ./drivers/fsl_usart.o
 .debug_info    0x00017395     0x14be ./device/system_LPC55S69_cm33_core0.o
 .debug_info    0x00018853      0xd56 ./component/uart/fsl_adapter_usart.o
 .debug_info    0x000195a9      0xde9 ./component/serial_manager/fsl_component_serial_manager.o
 .debug_info    0x0001a392      0x551 ./component/serial_manager/fsl_component_serial_port_uart.o
 .debug_info    0x0001a8e3      0x8d0 ./board/board.o
 .debug_info    0x0001b1b3     0x181d ./board/clock_config.o
 .debug_info    0x0001c9d0     0x1d3d ./board/peripherals.o
 .debug_info    0x0001e70d     0x153e ./board/pin_mux.o
 .debug_info    0x0001fc4b       0x85 c:/nxp/mcuxpressoide_11.9.0_2144/ide/plugins/com.nxp.mcuxpresso.tools.win32_11.9.0.202307121226/tools/bin/../lib/gcc/arm-none-eabi/12.3.1/../../../../arm-none-eabi/lib/thumb/v8-m.main+fp/hard\libcr_nohost_nf.a(_cr__main.o)
 .debug_info    0x0001fcd0      0x119 c:/nxp/mcuxpressoide_11.9.0_2144/ide/plugins/com.nxp.mcuxpresso.tools.win32_11.9.0.202307121226/tools/bin/../lib/gcc/arm-none-eabi/12.3.1/../../../../arm-none-eabi/lib/thumb/v8-m.main+fp/hard\libcr_c.a(memcpy.o)
 .debug_info    0x0001fde9       0xe3 c:/nxp/mcuxpressoide_11.9.0_2144/ide/plugins/com.nxp.mcuxpresso.tools.win32_11.9.0.202307121226/tools/bin/../lib/gcc/arm-none-eabi/12.3.1/../../../../arm-none-eabi/lib/thumb/v8-m.main+fp/hard\libcr_c.a(memset.o)
 .debug_info    0x0001fecc      0x506 c:/nxp/mcuxpressoide_11.9.0_2144/ide/plugins/com.nxp.mcuxpresso.tools.win32_11.9.0.202307121226/tools/bin/../lib/gcc/arm-none-eabi/12.3.1/../../../../arm-none-eabi/lib/thumb/v8-m.main+fp/hard\libcr_c.a(alloc.o)
 .debug_info    0x000203d2       0x44 c:/nxp/mcuxpressoide_11.9.0_2144/ide/plugins/com.nxp.mcuxpresso.tools.win32_11.9.0.202307121226/tools/bin/../lib/gcc/arm-none-eabi/12.3.1/../../../../arm-none-eabi/lib/thumb/v8-m.main+fp/hard\libcr_c.a(errno.o)
 .debug_info    0x00020416     0x14da c:/nxp/mcuxpressoide_11.9.0_2144/ide/plugins/com.nxp.mcuxpresso.tools.win32_11.9.0.202307121226/tools/bin/../lib/gcc/arm-none-eabi/12.3.1/../../../../arm-none-eabi/lib/thumb/v8-m.main+fp/hard\libcr_c.a(fpprintf.o)
 .debug_info    0x000218f0      0x339 c:/nxp/mcuxpressoide_11.9.0_2144/ide/plugins/com.nxp.mcuxpresso.tools.win32_11.9.0.202307121226/tools/bin/../lib/gcc/arm-none-eabi/12.3.1/../../../../arm-none-eabi/lib/thumb/v8-m.main+fp/hard\libcr_c.a(initio.o)
 .debug_info    0x00021c29      0x165 c:/nxp/mcuxpressoide_11.9.0_2144/ide/plugins/com.nxp.mcuxpresso.tools.win32_11.9.0.202307121226/tools/bin/../lib/gcc/arm-none-eabi/12.3.1/../../../../arm-none-eabi/lib/thumb/v8-m.main+fp/hard\libcr_c.a(modf.o)
 .debug_info    0x00021d8e      0x625 c:/nxp/mcuxpressoide_11.9.0_2144/ide/plugins/com.nxp.mcuxpresso.tools.win32_11.9.0.202307121226/tools/bin/../lib/gcc/arm-none-eabi/12.3.1/../../../../arm-none-eabi/lib/thumb/v8-m.main+fp/hard\libcr_c.a(pow.o)
 .debug_info    0x000223b3     0x126c c:/nxp/mcuxpressoide_11.9.0_2144/ide/plugins/com.nxp.mcuxpresso.tools.win32_11.9.0.202307121226/tools/bin/../lib/gcc/arm-none-eabi/12.3.1/../../../../arm-none-eabi/lib/thumb/v8-m.main+fp/hard\libcr_c.a(printf.o)
 .debug_info    0x0002361f      0x1f6 c:/nxp/mcuxpressoide_11.9.0_2144/ide/plugins/com.nxp.mcuxpresso.tools.win32_11.9.0.202307121226/tools/bin/../lib/gcc/arm-none-eabi/12.3.1/../../../../arm-none-eabi/lib/thumb/v8-m.main+fp/hard\libcr_c.a(setvbuf.o)
 .debug_info    0x00023815      0x4bb c:/nxp/mcuxpressoide_11.9.0_2144/ide/plugins/com.nxp.mcuxpresso.tools.win32_11.9.0.202307121226/tools/bin/../lib/gcc/arm-none-eabi/12.3.1/../../../../arm-none-eabi/lib/thumb/v8-m.main+fp/hard\libcr_c.a(stdlib.o)
 .debug_info    0x00023cd0       0xda c:/nxp/mcuxpressoide_11.9.0_2144/ide/plugins/com.nxp.mcuxpresso.tools.win32_11.9.0.202307121226/tools/bin/../lib/gcc/arm-none-eabi/12.3.1/../../../../arm-none-eabi/lib/thumb/v8-m.main+fp/hard\libcr_c.a(strlen.o)
 .debug_info    0x00023daa       0xd4 c:/nxp/mcuxpressoide_11.9.0_2144/ide/plugins/com.nxp.mcuxpresso.tools.win32_11.9.0.202307121226/tools/bin/../lib/gcc/arm-none-eabi/12.3.1/../../../../arm-none-eabi/lib/thumb/v8-m.main+fp/hard\libcr_c.a(__init_alloc.o)
 .debug_info    0x00023e7e      0x100 c:/nxp/mcuxpressoide_11.9.0_2144/ide/plugins/com.nxp.mcuxpresso.tools.win32_11.9.0.202307121226/tools/bin/../lib/gcc/arm-none-eabi/12.3.1/../../../../arm-none-eabi/lib/thumb/v8-m.main+fp/hard\libcr_c.a(_cr_sbrk.o)
 .debug_info    0x00023f7e      0x362 c:/nxp/mcuxpressoide_11.9.0_2144/ide/plugins/com.nxp.mcuxpresso.tools.win32_11.9.0.202307121226/tools/bin/../lib/gcc/arm-none-eabi/12.3.1/../../../../arm-none-eabi/lib/thumb/v8-m.main+fp/hard\libcr_c.a(_deferredlazyseek.o)
 .debug_info    0x000242e0      0x244 c:/nxp/mcuxpressoide_11.9.0_2144/ide/plugins/com.nxp.mcuxpresso.tools.win32_11.9.0.202307121226/tools/bin/../lib/gcc/arm-none-eabi/12.3.1/../../../../arm-none-eabi/lib/thumb/v8-m.main+fp/hard\libcr_c.a(_fdopen.o)
 .debug_info    0x00024524      0x1e3 c:/nxp/mcuxpressoide_11.9.0_2144/ide/plugins/com.nxp.mcuxpresso.tools.win32_11.9.0.202307121226/tools/bin/../lib/gcc/arm-none-eabi/12.3.1/../../../../arm-none-eabi/lib/thumb/v8-m.main+fp/hard\libcr_c.a(_fflush.o)
 .debug_info    0x00024707      0x166 c:/nxp/mcuxpressoide_11.9.0_2144/ide/plugins/com.nxp.mcuxpresso.tools.win32_11.9.0.202307121226/tools/bin/../lib/gcc/arm-none-eabi/12.3.1/../../../../arm-none-eabi/lib/thumb/v8-m.main+fp/hard\libcr_c.a(_frexpl.o)
 .debug_info    0x0002486d      0x14e c:/nxp/mcuxpressoide_11.9.0_2144/ide/plugins/com.nxp.mcuxpresso.tools.win32_11.9.0.202307121226/tools/bin/../lib/gcc/arm-none-eabi/12.3.1/../../../../arm-none-eabi/lib/thumb/v8-m.main+fp/hard\libcr_c.a(_ldexpl.o)
 .debug_info    0x000249bb      0x282 c:/nxp/mcuxpressoide_11.9.0_2144/ide/plugins/com.nxp.mcuxpresso.tools.win32_11.9.0.202307121226/tools/bin/../lib/gcc/arm-none-eabi/12.3.1/../../../../arm-none-eabi/lib/thumb/v8-m.main+fp/hard\libcr_c.a(_writebuf.o)
 .debug_info    0x00024c3d      0x318 c:/nxp/mcuxpressoide_11.9.0_2144/ide/plugins/com.nxp.mcuxpresso.tools.win32_11.9.0.202307121226/tools/bin/../lib/gcc/arm-none-eabi/12.3.1/../../../../arm-none-eabi/lib/thumb/v8-m.main+fp/hard\libcr_c.a(fclose.o)
 .debug_info    0x00024f55      0x202 c:/nxp/mcuxpressoide_11.9.0_2144/ide/plugins/com.nxp.mcuxpresso.tools.win32_11.9.0.202307121226/tools/bin/../lib/gcc/arm-none-eabi/12.3.1/../../../../arm-none-eabi/lib/thumb/v8-m.main+fp/hard\libcr_c.a(fflush.o)
 .debug_info    0x00025157      0x166 c:/nxp/mcuxpressoide_11.9.0_2144/ide/plugins/com.nxp.mcuxpresso.tools.win32_11.9.0.202307121226/tools/bin/../lib/gcc/arm-none-eabi/12.3.1/../../../../arm-none-eabi/lib/thumb/v8-m.main+fp/hard\libcr_c.a(frexp.o)
 .debug_info    0x000252bd      0x276 c:/nxp/mcuxpressoide_11.9.0_2144/ide/plugins/com.nxp.mcuxpresso.tools.win32_11.9.0.202307121226/tools/bin/../lib/gcc/arm-none-eabi/12.3.1/../../../../arm-none-eabi/lib/thumb/v8-m.main+fp/hard\libcr_c.a(fseek.o)
 .debug_info    0x00025533      0x190 c:/nxp/mcuxpressoide_11.9.0_2144/ide/plugins/com.nxp.mcuxpresso.tools.win32_11.9.0.202307121226/tools/bin/../lib/gcc/arm-none-eabi/12.3.1/../../../../arm-none-eabi/lib/thumb/v8-m.main+fp/hard\libcr_c.a(ftell.o)
 .debug_info    0x000256c3      0x14e c:/nxp/mcuxpressoide_11.9.0_2144/ide/plugins/com.nxp.mcuxpresso.tools.win32_11.9.0.202307121226/tools/bin/../lib/gcc/arm-none-eabi/12.3.1/../../../../arm-none-eabi/lib/thumb/v8-m.main+fp/hard\libcr_c.a(ldexp.o)
 .debug_info    0x00025811      0x1ca c:/nxp/mcuxpressoide_11.9.0_2144/ide/plugins/com.nxp.mcuxpresso.tools.win32_11.9.0.202307121226/tools/bin/../lib/gcc/arm-none-eabi/12.3.1/../../../../arm-none-eabi/lib/thumb/v8-m.main+fp/hard\libcr_c.a(remove.o)
 .debug_info    0x000259db       0x71 c:/nxp/mcuxpressoide_11.9.0_2144/ide/plugins/com.nxp.mcuxpresso.tools.win32_11.9.0.202307121226/tools/bin/../lib/gcc/arm-none-eabi/12.3.1/../../../../arm-none-eabi/lib/thumb/v8-m.main+fp/hard\libcr_c.a(_cr_check_heap.o)
 .debug_info    0x00025a4c      0x23a c:/nxp/mcuxpressoide_11.9.0_2144/ide/plugins/com.nxp.mcuxpresso.tools.win32_11.9.0.202307121226/tools/bin/../lib/gcc/arm-none-eabi/12.3.1/../../../../arm-none-eabi/lib/thumb/v8-m.main+fp/hard\libcr_c.a(_do_fflush.o)
 .debug_info    0x00025c86     0x2161 c:/nxp/mcuxpressoide_11.9.0_2144/ide/plugins/com.nxp.mcuxpresso.tools.win32_11.9.0.202307121226/tools/bin/../lib/gcc/arm-none-eabi/12.3.1/thumb/v8-m.main+fp/hard\libcr_eabihelpers.a(double.o)
 .debug_info    0x00027de7     0x1ae1 c:/nxp/mcuxpressoide_11.9.0_2144/ide/plugins/com.nxp.mcuxpresso.tools.win32_11.9.0.202307121226/tools/bin/../lib/gcc/arm-none-eabi/12.3.1/thumb/v8-m.main+fp/hard\libcr_eabihelpers.a(float.o)
 .debug_info    0x000298c8      0x18b c:/nxp/mcuxpressoide_11.9.0_2144/ide/plugins/com.nxp.mcuxpresso.tools.win32_11.9.0.202307121226/tools/bin/../lib/gcc/arm-none-eabi/12.3.1/../../../../arm-none-eabi/lib/thumb/v8-m.main+fp/hard\libcr_nohost_nf.a(__ciob.o)
 .debug_info    0x00029a53       0x38 c:/nxp/mcuxpressoide_11.9.0_2144/ide/plugins/com.nxp.mcuxpresso.tools.win32_11.9.0.202307121226/tools/bin/../lib/gcc/arm-none-eabi/12.3.1/../../../../arm-none-eabi/lib/thumb/v8-m.main+fp/hard\libcr_nohost_nf.a(__sys_appexit.o)
 .debug_info    0x00029a8b       0x5c c:/nxp/mcuxpressoide_11.9.0_2144/ide/plugins/com.nxp.mcuxpresso.tools.win32_11.9.0.202307121226/tools/bin/../lib/gcc/arm-none-eabi/12.3.1/../../../../arm-none-eabi/lib/thumb/v8-m.main+fp/hard\libcr_nohost_nf.a(__sys_close.o)
 .debug_info    0x00029ae7       0x5c c:/nxp/mcuxpressoide_11.9.0_2144/ide/plugins/com.nxp.mcuxpresso.tools.win32_11.9.0.202307121226/tools/bin/../lib/gcc/arm-none-eabi/12.3.1/../../../../arm-none-eabi/lib/thumb/v8-m.main+fp/hard\libcr_nohost_nf.a(__sys_flen.o)
 .debug_info    0x00029b43       0x5c c:/nxp/mcuxpressoide_11.9.0_2144/ide/plugins/com.nxp.mcuxpresso.tools.win32_11.9.0.202307121226/tools/bin/../lib/gcc/arm-none-eabi/12.3.1/../../../../arm-none-eabi/lib/thumb/v8-m.main+fp/hard\libcr_nohost_nf.a(__sys_istty.o)
 .debug_info    0x00029b9f       0x7c c:/nxp/mcuxpressoide_11.9.0_2144/ide/plugins/com.nxp.mcuxpresso.tools.win32_11.9.0.202307121226/tools/bin/../lib/gcc/arm-none-eabi/12.3.1/../../../../arm-none-eabi/lib/thumb/v8-m.main+fp/hard\libcr_nohost_nf.a(__sys_remove.o)
 .debug_info    0x00029c1b       0x6a c:/nxp/mcuxpressoide_11.9.0_2144/ide/plugins/com.nxp.mcuxpresso.tools.win32_11.9.0.202307121226/tools/bin/../lib/gcc/arm-none-eabi/12.3.1/../../../../arm-none-eabi/lib/thumb/v8-m.main+fp/hard\libcr_nohost_nf.a(__sys_seek.o)
 .debug_info    0x00029c85       0x85 c:/nxp/mcuxpressoide_11.9.0_2144/ide/plugins/com.nxp.mcuxpresso.tools.win32_11.9.0.202307121226/tools/bin/../lib/gcc/arm-none-eabi/12.3.1/../../../../arm-none-eabi/lib/thumb/v8-m.main+fp/hard\libcr_nohost_nf.a(__sys_tmpnam.o)
 .debug_info    0x00029d0a       0x85 c:/nxp/mcuxpressoide_11.9.0_2144/ide/plugins/com.nxp.mcuxpresso.tools.win32_11.9.0.202307121226/tools/bin/../lib/gcc/arm-none-eabi/12.3.1/../../../../arm-none-eabi/lib/thumb/v8-m.main+fp/hard\libcr_nohost_nf.a(__sys_write.o)

.debug_abbrev   0x00000000     0x6a94
 .debug_abbrev  0x00000000       0xbd ./utilities/fsl_assert.o
 .debug_abbrev  0x000000bd      0x270 ./utilities/fsl_debug_console.o
 .debug_abbrev  0x0000032d      0x287 ./utilities/fsl_str.o
 .debug_abbrev  0x000005b4      0x147 ./startup/startup_lpc55s69_cm33_core0.o
 .debug_abbrev  0x000006fb      0x2e5 ./source/oled.o
 .debug_abbrev  0x000009e0      0x26e ./source/psa01.o